Archive member included to satisfy reference by file (symbol)

.\CortexM3\ARM_GCC_541\Debug\SDI-12.a(SDI12_UART.o)
                              .\CortexM3\ARM_GCC_541\Debug\SDI12.o (SDI12_UART_Start)
.\CortexM3\ARM_GCC_541\Debug\SDI-12.a(isr_SDI12.o)
                              .\CortexM3\ARM_GCC_541\Debug\SDI12.o (isr_SDI12_StartEx)
.\CortexM3\ARM_GCC_541\Debug\SDI-12.a(SDI12_Power.o)
                              .\CortexM3\ARM_GCC_541\Debug\SDI12.o (SDI12_Power_Write)
.\CortexM3\ARM_GCC_541\Debug\SDI-12.a(SDI12_UART_IntClock.o)
                              .\CortexM3\ARM_GCC_541\Debug\SDI-12.a(SDI12_UART.o) (SDI12_UART_IntClock_Start)
.\CortexM3\ARM_GCC_541\Debug\SDI-12.a(CyLib.o)
                              .\CortexM3\ARM_GCC_541\Debug\Cm3Start.o (CyHalt)
.\CortexM3\ARM_GCC_541\Debug\SDI-12.a(cyPm.o)
                              .\CortexM3\ARM_GCC_541\Debug\SDI-12.a(CyLib.o) (CyPmReadStatus)
.\CortexM3\ARM_GCC_541\Debug\SDI-12.a(SDI12_control_reg.o)
                              .\CortexM3\ARM_GCC_541\Debug\SDI12.o (SDI12_control_reg_Write)
.\CortexM3\ARM_GCC_541\Debug\SDI-12.a(LED.o)
                              .\CortexM3\ARM_GCC_541\Debug\SDI12.o (LED_Write)
.\CortexM3\ARM_GCC_541\Debug\SDI-12.a(CyBootAsmGnu.o)
                              .\CortexM3\ARM_GCC_541\Debug\cyfitter_cfg.o (CyDelayCycles)
.\CortexM3\ARM_GCC_541\Debug\SDI-12.a(CyFlash.o)
                              .\CortexM3\ARM_GCC_541\Debug\SDI-12.a(cyPm.o) (CyFlash_SetWaitCycles)
.\CortexM3\ARM_GCC_541\Debug\SDI-12.a(CySpc.o)
                              .\CortexM3\ARM_GCC_541\Debug\SDI-12.a(CyFlash.o) (CySpcStart)
c:/program files/cypress/psoc creator/4.1/psoc creator/import/gnu/arm/5.4.1/bin/../lib/gcc/arm-none-eabi/5.4.1/armv7-m\libgcc.a(_arm_addsubdf3.o)
                              .\CortexM3\ARM_GCC_541\Debug\strlib.o (__aeabi_dadd)
c:/program files/cypress/psoc creator/4.1/psoc creator/import/gnu/arm/5.4.1/bin/../lib/gcc/arm-none-eabi/5.4.1/armv7-m\libgcc.a(_arm_muldivdf3.o)
                              .\CortexM3\ARM_GCC_541\Debug\strlib.o (__aeabi_ddiv)
c:/program files/cypress/psoc creator/4.1/psoc creator/import/gnu/arm/5.4.1/bin/../lib/gcc/arm-none-eabi/5.4.1/armv7-m\libgcc.a(_arm_fixunsdfsi.o)
                              .\CortexM3\ARM_GCC_541\Debug\strlib.o (__aeabi_d2uiz)
c:/program files/cypress/psoc creator/4.1/psoc creator/import/gnu/arm/5.4.1/bin/../lib/gcc/arm-none-eabi/5.4.1/armv7-m\libgcc.a(_arm_truncdfsf2.o)
                              .\CortexM3\ARM_GCC_541\Debug\strlib.o (__aeabi_d2f)
c:/program files/cypress/psoc creator/4.1/psoc creator/import/gnu/arm/5.4.1/bin/../lib/gcc/arm-none-eabi/5.4.1/../../../../arm-none-eabi/lib/armv7-m\libg_nano.a(lib_a-errno.o)
                              .\CortexM3\ARM_GCC_541\Debug\Cm3Start.o (__errno)
c:/program files/cypress/psoc creator/4.1/psoc creator/import/gnu/arm/5.4.1/bin/../lib/gcc/arm-none-eabi/5.4.1/../../../../arm-none-eabi/lib/armv7-m\libg_nano.a(lib_a-exit.o)
                              c:/program files/cypress/psoc creator/4.1/psoc creator/import/gnu/arm/5.4.1/bin/../lib/gcc/arm-none-eabi/5.4.1/../../../../arm-none-eabi/lib/armv7-m/crt0.o (exit)
c:/program files/cypress/psoc creator/4.1/psoc creator/import/gnu/arm/5.4.1/bin/../lib/gcc/arm-none-eabi/5.4.1/../../../../arm-none-eabi/lib/armv7-m\libg_nano.a(lib_a-impure.o)
                              c:/program files/cypress/psoc creator/4.1/psoc creator/import/gnu/arm/5.4.1/bin/../lib/gcc/arm-none-eabi/5.4.1/../../../../arm-none-eabi/lib/armv7-m\libg_nano.a(lib_a-exit.o) (_global_impure_ptr)
c:/program files/cypress/psoc creator/4.1/psoc creator/import/gnu/arm/5.4.1/bin/../lib/gcc/arm-none-eabi/5.4.1/../../../../arm-none-eabi/lib/armv7-m\libg_nano.a(lib_a-init.o)
                              c:/program files/cypress/psoc creator/4.1/psoc creator/import/gnu/arm/5.4.1/bin/../lib/gcc/arm-none-eabi/5.4.1/../../../../arm-none-eabi/lib/armv7-m/crt0.o (__libc_init_array)
c:/program files/cypress/psoc creator/4.1/psoc creator/import/gnu/arm/5.4.1/bin/../lib/gcc/arm-none-eabi/5.4.1/../../../../arm-none-eabi/lib/armv7-m\libg_nano.a(lib_a-memcpy-stub.o)
                              .\CortexM3\ARM_GCC_541\Debug\cyfitter_cfg.o (memcpy)
c:/program files/cypress/psoc creator/4.1/psoc creator/import/gnu/arm/5.4.1/bin/../lib/gcc/arm-none-eabi/5.4.1/../../../../arm-none-eabi/lib/armv7-m\libg_nano.a(lib_a-memset.o)
                              c:/program files/cypress/psoc creator/4.1/psoc creator/import/gnu/arm/5.4.1/bin/../lib/gcc/arm-none-eabi/5.4.1/../../../../arm-none-eabi/lib/armv7-m/crt0.o (memset)
c:/program files/cypress/psoc creator/4.1/psoc creator/import/gnu/arm/5.4.1/bin/../lib/gcc/arm-none-eabi/5.4.1/../../../../arm-none-eabi/lib/armv7-m\libg_nano.a(lib_a-nano-vfprintf_float.o)
                              (_printf_float)
[...]
Memory Configuration

Name             Origin             Length             Attributes
rom              0x00000000         0x00040000         xr
ram              0x1fff8000         0x00010000         xrw
*default*        0x00000000         0xffffffff

Linker script and memory map

LOAD c:/program files/cypress/psoc creator/4.1/psoc creator/import/gnu/arm/5.4.1/bin/../lib/gcc/arm-none-eabi/5.4.1/armv7-m/crti.o
LOAD c:/program files/cypress/psoc creator/4.1/psoc creator/import/gnu/arm/5.4.1/bin/../lib/gcc/arm-none-eabi/5.4.1/armv7-m/crtbegin.o
LOAD c:/program files/cypress/psoc creator/4.1/psoc creator/import/gnu/arm/5.4.1/bin/../lib/gcc/arm-none-eabi/5.4.1/../../../../arm-none-eabi/lib/armv7-m/crt0.o
START GROUP
LOAD .\CortexM3\ARM_GCC_541\Debug\main.o
LOAD .\CortexM3\ARM_GCC_541\Debug\strlib.o
LOAD .\CortexM3\ARM_GCC_541\Debug\SDI12.o
LOAD .\CortexM3\ARM_GCC_541\Debug\misc.o
LOAD .\CortexM3\ARM_GCC_541\Debug\cyfitter_cfg.o
LOAD .\CortexM3\ARM_GCC_541\Debug\cymetadata.o
LOAD .\CortexM3\ARM_GCC_541\Debug\Cm3Start.o
LOAD .\CortexM3\ARM_GCC_541\Debug\SDI-12.a
LOAD C:\Program Files\Cypress\PSoC Creator\4.1\PSoC Creator\psoc\content\cycomponentlibrary\CyComponentLibrary.cylib\CortexM3\ARM_GCC_541\Debug\CyComponentLibrary.a
END GROUP
START GROUP
LOAD c:/program files/cypress/psoc creator/4.1/psoc creator/import/gnu/arm/5.4.1/bin/../lib/gcc/arm-none-eabi/5.4.1/armv7-m\libgcc.a
LOAD c:/program files/cypress/psoc creator/4.1/psoc creator/import/gnu/arm/5.4.1/bin/../lib/gcc/arm-none-eabi/5.4.1/../../../../arm-none-eabi/lib/armv7-m\libg_nano.a
LOAD c:/program files/cypress/psoc creator/4.1/psoc creator/import/gnu/arm/5.4.1/bin/../lib/gcc/arm-none-eabi/5.4.1/../../../../arm-none-eabi/lib/armv7-m\libc_nano.a
END GROUP
START GROUP
LOAD c:/program files/cypress/psoc creator/4.1/psoc creator/import/gnu/arm/5.4.1/bin/../lib/gcc/arm-none-eabi/5.4.1/armv7-m\libgcc.a
LOAD c:/program files/cypress/psoc creator/4.1/psoc creator/import/gnu/arm/5.4.1/bin/../lib/gcc/arm-none-eabi/5.4.1/../../../../arm-none-eabi/lib/armv7-m\libc_nano.a
END GROUP
LOAD c:/program files/cypress/psoc creator/4.1/psoc creator/import/gnu/arm/5.4.1/bin/../lib/gcc/arm-none-eabi/5.4.1/armv7-m/crtend.o
LOAD c:/program files/cypress/psoc creator/4.1/psoc creator/import/gnu/arm/5.4.1/bin/../lib/gcc/arm-none-eabi/5.4.1/armv7-m/crtn.o
START GROUP
LOAD c:/program files/cypress/psoc creator/4.1/psoc creator/import/gnu/arm/5.4.1/bin/../lib/gcc/arm-none-eabi/5.4.1/armv7-m\libgcc.a
LOAD c:/program files/cypress/psoc creator/4.1/psoc creator/import/gnu/arm/5.4.1/bin/../lib/gcc/arm-none-eabi/5.4.1/../../../../arm-none-eabi/lib/armv7-m\libc.a
LOAD c:/program files/cypress/psoc creator/4.1/psoc creator/import/gnu/arm/5.4.1/bin/../lib/gcc/arm-none-eabi/5.4.1/../../../../arm-none-eabi/lib/armv7-m\libnosys.a
END GROUP
                0x00000000                CY_APPL_ORIGIN = 0x0
                0x00000100                CY_FLASH_ROW_SIZE = 0x100
                0x00000020                CY_ECC_ROW_SIZE = 0x20
                0x00000000                CY_EE_IN_BTLDR = 0x0
                0x00000000                CY_APPL_LOADABLE = 0x0
                0x00000800                CY_EE_SIZE = 0x800
                0x00000001                CY_APPL_NUM = 0x1
                0x00000001                CY_APPL_MAX = 0x1
                0x00000040                CY_METADATA_SIZE = 0x40
                0x00000000                CY_APPL_LOADABLE = 0x0
                0x00000000                CY_CHECKSUM_EXCLUDE_SIZE = ALIGN (0x0, CY_FLASH_ROW_SIZE)
                [!provide]                PROVIDE (__cy_heap_start, _end)
                0x00000001                PROVIDE (__cy_region_num, ((__cy_regions_end - __cy_regions) / 0x10))
                0x20008000                PROVIDE (__cy_stack, (ORIGIN (ram) + LENGTH (ram)))
                [!provide]                PROVIDE (__cy_heap_end, (__cy_stack - 0x4000))

.cybootloader   0x00000000        0x0
 *(.cybootloader)
                0x00000000                appl1_start = CY_APPL_ORIGIN?CY_APPL_ORIGIN:ALIGN (CY_FLASH_ROW_SIZE)
                0x0001ff00                appl2_start = (appl1_start + ALIGN ((((LENGTH (rom) - appl1_start) - (0x2 * CY_FLASH_ROW_SIZE)) / 0x2), CY_FLASH_ROW_SIZE))
                0x00000000                appl_start = (CY_APPL_NUM == 0x1)?appl1_start:appl2_start
                0x00000000                ecc_offset = ((appl_start / CY_FLASH_ROW_SIZE) * CY_ECC_ROW_SIZE)
                0x00000000                ee_offset = (CY_APPL_LOADABLE && ! (CY_EE_IN_BTLDR))?((CY_EE_SIZE / CY_APPL_MAX) * (CY_APPL_NUM - 0x1)):0x0
                0x00000800                ee_size = (CY_APPL_LOADABLE && ! (CY_EE_IN_BTLDR))?(CY_EE_SIZE / CY_APPL_MAX):CY_EE_SIZE
                [!provide]                PROVIDE (CY_ECC_OFFSET, ecc_offset)

.text           0x00000000     0x4bd8
 CREATE_OBJECT_SYMBOLS
                0x00000000                PROVIDE (__cy_interrupt_vector, RomVectors)
 *(.romvectors)
 .romvectors    0x00000000       0x10 .\CortexM3\ARM_GCC_541\Debug\Cm3Start.o
                0x00000000                RomVectors
                0x00000001                ASSERT ((. != __cy_interrupt_vector), No interrupt vector)
                0x00000001                ASSERT (CY_APPL_ORIGIN?(SIZEOF (.cybootloader) <= CY_APPL_ORIGIN):0x1, Wrong image location)
                0x00000010                PROVIDE (__cy_reset, Reset)
 *(.text.Reset)
 .text.Reset    0x00000010       0x18 .\CortexM3\ARM_GCC_541\Debug\Cm3Start.o
                0x00000010                Reset
                0x00000001                ASSERT ((. != __cy_reset), No reset code)
 *(.dma_init)
                0x00000001                ASSERT ((((appl_start + .) <= 0x10000) || 0x1), DMA Init must be within the first 64k of flash)
 *(.text .text.* .gnu.linkonce.t.*)
 .text          0x00000028       0x5c c:/program files/cypress/psoc creator/4.1/psoc creator/import/gnu/arm/5.4.1/bin/../lib/gcc/arm-none-eabi/5.4.1/armv7-m/crtbegin.o
 .text.main     0x00000084       0x14 .\CortexM3\ARM_GCC_541\Debug\main.o
                0x00000084                main
 .text.clear_str
                0x00000098       0x18 .\CortexM3\ARM_GCC_541\Debug\strlib.o
                0x00000098                clear_str
 .text.strextract
                0x000000b0       0x48 .\CortexM3\ARM_GCC_541\Debug\strlib.o
                0x000000b0                strextract
 .text.isr_SDI12_data
                0x000000f8       0x1c .\CortexM3\ARM_GCC_541\Debug\SDI12.o
                0x000000f8                isr_SDI12_data
 .text.SDI12_start
                0x00000114       0x14 .\CortexM3\ARM_GCC_541\Debug\SDI12.o
                0x00000114                SDI12_start
 .text.SDI12_stop
                0x00000128        0xc .\CortexM3\ARM_GCC_541\Debug\SDI12.o
                0x00000128                SDI12_stop
 .text.SDI12_uart_clear_string
                0x00000134       0x20 .\CortexM3\ARM_GCC_541\Debug\SDI12.o
                0x00000134                SDI12_uart_clear_string
 .text.SDI12_send_command
                0x00000154       0x28 .\CortexM3\ARM_GCC_541\Debug\SDI12.o
                0x00000154                SDI12_send_command
 .text.SDI12_is_active
                0x0000017c       0x6c .\CortexM3\ARM_GCC_541\Debug\SDI12.o
                0x0000017c                SDI12_is_active
 .text.SDI12_take_measurement
                0x000001e8      0x1c8 .\CortexM3\ARM_GCC_541\Debug\SDI12.o
                0x000001e8                SDI12_take_measurement
 .text.SDI12_info
                0x000003b0       0xec .\CortexM3\ARM_GCC_541\Debug\SDI12.o
                0x000003b0                SDI12_info
 .text.zip_SDI12
                0x0000049c      0x184 .\CortexM3\ARM_GCC_541\Debug\SDI12.o
                0x0000049c                zip_SDI12
 .text.blink_LED
                0x00000620       0x2c .\CortexM3\ARM_GCC_541\Debug\misc.o
                0x00000620                blink_LED
 .text.CyClockStartupError
                0x0000064c        0x4 .\CortexM3\ARM_GCC_541\Debug\cyfitter_cfg.o
 .text.cfg_write_bytes32
                0x00000650       0x34 .\CortexM3\ARM_GCC_541\Debug\cyfitter_cfg.o
 .text.AnalogSetDefault
                0x00000684       0x28 .\CortexM3\ARM_GCC_541\Debug\cyfitter_cfg.o
 .text.CYMEMZERO
                0x000006ac        0xc .\CortexM3\ARM_GCC_541\Debug\cyfitter_cfg.o
 .text.ClockSetup
                0x000006b8       0xb8 .\CortexM3\ARM_GCC_541\Debug\cyfitter_cfg.o
 .text.CYCONFIGCPY
                0x00000770        0x8 .\CortexM3\ARM_GCC_541\Debug\cyfitter_cfg.o
 .text.cyfitter_cfg
                0x00000778       0xf0 .\CortexM3\ARM_GCC_541\Debug\cyfitter_cfg.o
                0x00000778                cyfitter_cfg
 .text.IntDefaultHandler
                0x00000868       0x10 .\CortexM3\ARM_GCC_541\Debug\Cm3Start.o
                0x00000868                IntDefaultHandler
 .text._sbrk    0x00000878       0x30 .\CortexM3\ARM_GCC_541\Debug\Cm3Start.o
                0x00000878                _sbrk
 .text.Start_c  0x000008a8       0x4c .\CortexM3\ARM_GCC_541\Debug\Cm3Start.o
                0x000008a8                Start_c
 .text.initialize_psoc
                0x000008f4       0x68 .\CortexM3\ARM_GCC_541\Debug\Cm3Start.o
                0x000008f4                initialize_psoc
 .text.SDI12_UART_Init
                0x0000095c       0x24 .\CortexM3\ARM_GCC_541\Debug\SDI-12.a(SDI12_UART.o)
                0x0000095c                SDI12_UART_Init
 .text.SDI12_UART_Enable
                0x00000980       0x38 .\CortexM3\ARM_GCC_541\Debug\SDI-12.a(SDI12_UART.o)
                0x00000980                SDI12_UART_Enable
 .text.SDI12_UART_Start
                0x000009b8       0x1c .\CortexM3\ARM_GCC_541\Debug\SDI-12.a(SDI12_UART.o)
                0x000009b8                SDI12_UART_Start
 .text.SDI12_UART_Stop
                0x000009d4       0x3c .\CortexM3\ARM_GCC_541\Debug\SDI-12.a(SDI12_UART.o)
                0x000009d4                SDI12_UART_Stop
 .text.SDI12_UART_GetChar
                0x00000a10       0x2c .\CortexM3\ARM_GCC_541\Debug\SDI-12.a(SDI12_UART.o)
                0x00000a10                SDI12_UART_GetChar
 .text.SDI12_UART_ClearRxBuffer
                0x00000a3c       0x24 .\CortexM3\ARM_GCC_541\Debug\SDI-12.a(SDI12_UART.o)
                0x00000a3c                SDI12_UART_ClearRxBuffer
 .text.SDI12_UART_PutChar
                0x00000a60       0x18 .\CortexM3\ARM_GCC_541\Debug\SDI-12.a(SDI12_UART.o)
                0x00000a60                SDI12_UART_PutChar
 .text.SDI12_UART_PutString
                0x00000a78       0x24 .\CortexM3\ARM_GCC_541\Debug\SDI-12.a(SDI12_UART.o)
                0x00000a78                SDI12_UART_PutString
 .text.isr_SDI12_SetVector
                0x00000a9c        0xc .\CortexM3\ARM_GCC_541\Debug\SDI-12.a(isr_SDI12.o)
                0x00000a9c                isr_SDI12_SetVector
 .text.isr_SDI12_SetPriority
                0x00000aa8       0x10 .\CortexM3\ARM_GCC_541\Debug\SDI-12.a(isr_SDI12.o)
                0x00000aa8                isr_SDI12_SetPriority
 .text.isr_SDI12_Enable
                0x00000ab8        0xc .\CortexM3\ARM_GCC_541\Debug\SDI-12.a(isr_SDI12.o)
                0x00000ab8                isr_SDI12_Enable
 .text.isr_SDI12_Disable
                0x00000ac4        0xc .\CortexM3\ARM_GCC_541\Debug\SDI-12.a(isr_SDI12.o)
                0x00000ac4                isr_SDI12_Disable
 .text.isr_SDI12_StartEx
                0x00000ad0       0x1c .\CortexM3\ARM_GCC_541\Debug\SDI-12.a(isr_SDI12.o)
                0x00000ad0                isr_SDI12_StartEx
 .text.isr_SDI12_Stop
                0x00000aec       0x14 .\CortexM3\ARM_GCC_541\Debug\SDI-12.a(isr_SDI12.o)
                0x00000aec                isr_SDI12_Stop
 .text.SDI12_Power_Write
                0x00000b00       0x18 .\CortexM3\ARM_GCC_541\Debug\SDI-12.a(SDI12_Power.o)
                0x00000b00                SDI12_Power_Write
 .text.SDI12_UART_IntClock_Start
                0x00000b18       0x1c .\CortexM3\ARM_GCC_541\Debug\SDI-12.a(SDI12_UART_IntClock.o)
                0x00000b18                SDI12_UART_IntClock_Start
 .text.SDI12_UART_IntClock_Stop
                0x00000b34       0x1c .\CortexM3\ARM_GCC_541\Debug\SDI-12.a(SDI12_UART_IntClock.o)
                0x00000b34                SDI12_UART_IntClock_Stop
 .text.CyDelay  0x00000b50       0x2c .\CortexM3\ARM_GCC_541\Debug\SDI-12.a(CyLib.o)
                0x00000b50                CyDelay
 .text.CyDelayUs
                0x00000b7c       0x14 .\CortexM3\ARM_GCC_541\Debug\SDI-12.a(CyLib.o)
                0x00000b7c                CyDelayUs
 .text.SDI12_control_reg_Write
                0x00000b90        0xc .\CortexM3\ARM_GCC_541\Debug\SDI-12.a(SDI12_control_reg.o)
                0x00000b90                SDI12_control_reg_Write
 .text.LED_Write
                0x00000b9c       0x18 .\CortexM3\ARM_GCC_541\Debug\SDI-12.a(LED.o)
                0x00000b9c                LED_Write
 *fill*         0x00000bb4        0x4 
 .text          0x00000bb8       0x20 .\CortexM3\ARM_GCC_541\Debug\SDI-12.a(CyBootAsmGnu.o)
                0x00000bb8                CyDelayCycles
                0x00000bc8                CyEnterCriticalSection
                0x00000bd0                CyExitCriticalSection
 .text          0x00000bd8      0x370 c:/program files/cypress/psoc creator/4.1/psoc creator/import/gnu/arm/5.4.1/bin/../lib/gcc/arm-none-eabi/5.4.1/armv7-m\libgcc.a(_arm_addsubdf3.o)
                0x00000bd8                __aeabi_drsub
                0x00000be0                __aeabi_dsub
                0x00000be0                __subdf3
                0x00000be4                __aeabi_dadd
                0x00000be4                __adddf3
                0x00000e5c                __floatunsidf
                0x00000e5c                __aeabi_ui2d
                0x00000e7c                __floatsidf
                0x00000e7c                __aeabi_i2d
                0x00000ea0                __aeabi_f2d
                0x00000ea0                __extendsfdf2
                0x00000edc                __floatundidf
                0x00000edc                __aeabi_ul2d
                0x00000eec                __floatdidf
                0x00000eec                __aeabi_l2d
 .text          0x00000f48      0x424 c:/program files/cypress/psoc creator/4.1/psoc creator/import/gnu/arm/5.4.1/bin/../lib/gcc/arm-none-eabi/5.4.1/armv7-m\libgcc.a(_arm_muldivdf3.o)
                0x00000f48                __aeabi_dmul
                0x00000f48                __muldf3
                0x0000119c                __divdf3
                0x0000119c                __aeabi_ddiv
 .text          0x0000136c       0x40 c:/program files/cypress/psoc creator/4.1/psoc creator/import/gnu/arm/5.4.1/bin/../lib/gcc/arm-none-eabi/5.4.1/armv7-m\libgcc.a(_arm_fixunsdfsi.o)
                0x0000136c                __aeabi_d2uiz
                0x0000136c                __fixunsdfsi
 .text          0x000013ac       0xa0 c:/program files/cypress/psoc creator/4.1/psoc creator/import/gnu/arm/5.4.1/bin/../lib/gcc/arm-none-eabi/5.4.1/armv7-m\libgcc.a(_arm_truncdfsf2.o)
                0x000013ac                __truncdfsf2
                0x000013ac                __aeabi_d2f
 .text.__errno  0x0000144c        0xc c:/program files/cypress/psoc creator/4.1/psoc creator/import/gnu/arm/5.4.1/bin/../lib/gcc/arm-none-eabi/5.4.1/../../../../arm-none-eabi/lib/armv7-m\libg_nano.a(lib_a-errno.o)
                0x0000144c                __errno
 .text.__libc_init_array
                0x00001458       0x4c c:/program files/cypress/psoc creator/4.1/psoc creator/import/gnu/arm/5.4.1/bin/../lib/gcc/arm-none-eabi/5.4.1/../../../../arm-none-eabi/lib/armv7-m\libg_nano.a(lib_a-init.o)
                0x00001458                __libc_init_array
 .text.memcpy   0x000014a4       0x16 c:/program files/cypress/psoc creator/4.1/psoc creator/import/gnu/arm/5.4.1/bin/../lib/gcc/arm-none-eabi/5.4.1/../../../../arm-none-eabi/lib/armv7-m\libg_nano.a(lib_a-memcpy-stub.o)
                0x000014a4                memcpy
 .text.memset   0x000014ba       0x10 c:/program files/cypress/psoc creator/4.1/psoc creator/import/gnu/arm/5.4.1/bin/../lib/gcc/arm-none-eabi/5.4.1/../../../../arm-none-eabi/lib/armv7-m\libg_nano.a(lib_a-memset.o)
                0x000014ba                memset
 .text.__cvt    0x000014ca       0xc0 c:/program files/cypress/psoc creator/4.1/psoc creator/import/gnu/arm/5.4.1/bin/../lib/gcc/arm-none-eabi/5.4.1/../../../../arm-none-eabi/lib/armv7-m\libg_nano.a(lib_a-nano-vfprintf_float.o)
                0x000014ca                __cvt
 .text.__exponent
                0x0000158a       0x62 c:/program files/cypress/psoc creator/4.1/psoc creator/import/gnu/arm/5.4.1/bin/../lib/gcc/arm-none-eabi/5.4.1/../../../../arm-none-eabi/lib/armv7-m\libg_nano.a(lib_a-nano-vfprintf_float.o)
                0x0000158a                __exponent
 .text._printf_float
                0x000015ec      0x488 c:/program files/cypress/psoc creator/4.1/psoc creator/import/gnu/arm/5.4.1/bin/../lib/gcc/arm-none-eabi/5.4.1/../../../../arm-none-eabi/lib/armv7-m\libg_nano.a(lib_a-nano-vfprintf_float.o)
                0x000015ec                _printf_float
 .text._printf_common
                0x00001a74       0xec c:/program files/cypress/psoc creator/4.1/psoc creator/import/gnu/arm/5.4.1/bin/../lib/gcc/arm-none-eabi/5.4.1/../../../../arm-none-eabi/lib/armv7-m\libg_nano.a(lib_a-nano-vfprintf_i.o)
                0x00001a74                _printf_common
 .text._printf_i
                0x00001b60      0x24c c:/program files/cypress/psoc creator/4.1/psoc creator/import/gnu/arm/5.4.1/bin/../lib/gcc/arm-none-eabi/5.4.1/../../../../arm-none-eabi/lib/armv7-m\libg_nano.a(lib_a-nano-vfprintf_i.o)
                0x00001b60                _printf_i
 .text.sprintf  0x00001dac       0x48 c:/program files/cypress/psoc creator/4.1/psoc creator/import/gnu/arm/5.4.1/bin/../lib/gcc/arm-none-eabi/5.4.1/../../../../arm-none-eabi/lib/armv7-m\libg_nano.a(lib_a-sprintf.o)
                0x00001dac                siprintf
                0x00001dac                sprintf
 .text.strchr   0x00001df4       0x1c c:/program files/cypress/psoc creator/4.1/psoc creator/import/gnu/arm/5.4.1/bin/../lib/gcc/arm-none-eabi/5.4.1/../../../../arm-none-eabi/lib/armv7-m\libg_nano.a(lib_a-strchr.o)
                0x00001df4                strchr
 .text          0x00001e10       0x10 c:/program files/cypress/psoc creator/4.1/psoc creator/import/gnu/arm/5.4.1/bin/../lib/gcc/arm-none-eabi/5.4.1/../../../../arm-none-eabi/lib/armv7-m\libg_nano.a(lib_a-strlen.o)
                0x00001e10                strlen
 .text.strncpy  0x00001e20       0x26 c:/program files/cypress/psoc creator/4.1/psoc creator/import/gnu/arm/5.4.1/bin/../lib/gcc/arm-none-eabi/5.4.1/../../../../arm-none-eabi/lib/armv7-m\libg_nano.a(lib_a-strncpy.o)
                0x00001e20                strncpy
 .text.strstr   0x00001e46       0x34 c:/program files/cypress/psoc creator/4.1/psoc creator/import/gnu/arm/5.4.1/bin/../lib/gcc/arm-none-eabi/5.4.1/../../../../arm-none-eabi/lib/armv7-m\libg_nano.a(lib_a-strstr.o)
                0x00001e46                strstr
 .text.sulp     0x00001e7a       0x42 c:/program files/cypress/psoc creator/4.1/psoc creator/import/gnu/arm/5.4.1/bin/../lib/gcc/arm-none-eabi/5.4.1/../../../../arm-none-eabi/lib/armv7-m\libg_nano.a(lib_a-strtod.o)
 *fill*         0x00001ebc        0x4 
 .text._strtod_r
                0x00001ec0      0xc00 c:/program files/cypress/psoc creator/4.1/psoc creator/import/gnu/arm/5.4.1/bin/../lib/gcc/arm-none-eabi/5.4.1/../../../../arm-none-eabi/lib/armv7-m\libg_nano.a(lib_a-strtod.o)
                0x00001ec0                _strtod_r
 .text.strtod   0x00002ac0       0x10 c:/program files/cypress/psoc creator/4.1/psoc creator/import/gnu/arm/5.4.1/bin/../lib/gcc/arm-none-eabi/5.4.1/../../../../arm-none-eabi/lib/armv7-m\libg_nano.a(lib_a-strtod.o)
                0x00002ac0                strtod
 .text.quorem   0x00002ad0      0x116 c:/program files/cypress/psoc creator/4.1/psoc creator/import/gnu/arm/5.4.1/bin/../lib/gcc/arm-none-eabi/5.4.1/../../../../arm-none-eabi/lib/armv7-m\libg_nano.a(lib_a-dtoa.o)
 *fill*         0x00002be6        0x2 
 .text._dtoa_r  0x00002be8      0xb30 c:/program files/cypress/psoc creator/4.1/psoc creator/import/gnu/arm/5.4.1/bin/../lib/gcc/arm-none-eabi/5.4.1/../../../../arm-none-eabi/lib/armv7-m\libg_nano.a(lib_a-dtoa.o)
                0x00002be8                _dtoa_r
 .text.rshift   0x00003718       0x6c c:/program files/cypress/psoc creator/4.1/psoc creator/import/gnu/arm/5.4.1/bin/../lib/gcc/arm-none-eabi/5.4.1/../../../../arm-none-eabi/lib/armv7-m\libg_nano.a(lib_a-gdtoa-gethex.o)
 .text.__hexdig_fun
                0x00003784       0x2a c:/program files/cypress/psoc creator/4.1/psoc creator/import/gnu/arm/5.4.1/bin/../lib/gcc/arm-none-eabi/5.4.1/../../../../arm-none-eabi/lib/armv7-m\libg_nano.a(lib_a-gdtoa-gethex.o)
                0x00003784                __hexdig_fun
 .text.__gethex
                0x000037ae      0x43e c:/program files/cypress/psoc creator/4.1/psoc creator/import/gnu/arm/5.4.1/bin/../lib/gcc/arm-none-eabi/5.4.1/../../../../arm-none-eabi/lib/armv7-m\libg_nano.a(lib_a-gdtoa-gethex.o)
                0x000037ae                __gethex
 .text.L_shift  0x00003bec       0x24 c:/program files/cypress/psoc creator/4.1/psoc creator/import/gnu/arm/5.4.1/bin/../lib/gcc/arm-none-eabi/5.4.1/../../../../arm-none-eabi/lib/armv7-m\libg_nano.a(lib_a-gdtoa-hexnan.o)
 .text.__match  0x00003c10       0x26 c:/program files/cypress/psoc creator/4.1/psoc creator/import/gnu/arm/5.4.1/bin/../lib/gcc/arm-none-eabi/5.4.1/../../../../arm-none-eabi/lib/armv7-m\libg_nano.a(lib_a-gdtoa-hexnan.o)
                0x00003c10                __match
 .text.__hexnan
                0x00003c36      0x11c c:/program files/cypress/psoc creator/4.1/psoc creator/import/gnu/arm/5.4.1/bin/../lib/gcc/arm-none-eabi/5.4.1/../../../../arm-none-eabi/lib/armv7-m\libg_nano.a(lib_a-gdtoa-hexnan.o)
                0x00003c36                __hexnan
 *fill*         0x00003d52        0x2 
 .text._localeconv_r
                0x00003d54        0x8 c:/program files/cypress/psoc creator/4.1/psoc creator/import/gnu/arm/5.4.1/bin/../lib/gcc/arm-none-eabi/5.4.1/../../../../arm-none-eabi/lib/armv7-m\libg_nano.a(lib_a-locale.o)
                0x00003d54                _localeconv_r
 .text.malloc   0x00003d5c       0x10 c:/program files/cypress/psoc creator/4.1/psoc creator/import/gnu/arm/5.4.1/bin/../lib/gcc/arm-none-eabi/5.4.1/../../../../arm-none-eabi/lib/armv7-m\libg_nano.a(lib_a-malloc.o)
                0x00003d5c                malloc
 .text.memchr   0x00003d6c       0x1c c:/program files/cypress/psoc creator/4.1/psoc creator/import/gnu/arm/5.4.1/bin/../lib/gcc/arm-none-eabi/5.4.1/../../../../arm-none-eabi/lib/armv7-m\libg_nano.a(lib_a-memchr-stub.o)
                0x00003d6c                memchr
 .text._Balloc  0x00003d88       0x6a c:/program files/cypress/psoc creator/4.1/psoc creator/import/gnu/arm/5.4.1/bin/../lib/gcc/arm-none-eabi/5.4.1/../../../../arm-none-eabi/lib/armv7-m\libg_nano.a(lib_a-mprec.o)
                0x00003d88                _Balloc
 .text._Bfree   0x00003df2       0x2e c:/program files/cypress/psoc creator/4.1/psoc creator/import/gnu/arm/5.4.1/bin/../lib/gcc/arm-none-eabi/5.4.1/../../../../arm-none-eabi/lib/armv7-m\libg_nano.a(lib_a-mprec.o)
                0x00003df2                _Bfree
 .text.__multadd
                0x00003e20       0x76 c:/program files/cypress/psoc creator/4.1/psoc creator/import/gnu/arm/5.4.1/bin/../lib/gcc/arm-none-eabi/5.4.1/../../../../arm-none-eabi/lib/armv7-m\libg_nano.a(lib_a-mprec.o)
                0x00003e20                __multadd
 .text.__s2b    0x00003e96       0x7c c:/program files/cypress/psoc creator/4.1/psoc creator/import/gnu/arm/5.4.1/bin/../lib/gcc/arm-none-eabi/5.4.1/../../../../arm-none-eabi/lib/armv7-m\libg_nano.a(lib_a-mprec.o)
                0x00003e96                __s2b
 .text.__hi0bits
                0x00003f12       0x40 c:/program files/cypress/psoc creator/4.1/psoc creator/import/gnu/arm/5.4.1/bin/../lib/gcc/arm-none-eabi/5.4.1/../../../../arm-none-eabi/lib/armv7-m\libg_nano.a(lib_a-mprec.o)
                0x00003f12                __hi0bits
 .text.__lo0bits
                0x00003f52       0x5a c:/program files/cypress/psoc creator/4.1/psoc creator/import/gnu/arm/5.4.1/bin/../lib/gcc/arm-none-eabi/5.4.1/../../../../arm-none-eabi/lib/armv7-m\libg_nano.a(lib_a-mprec.o)
                0x00003f52                __lo0bits
 .text.__i2b    0x00003fac       0x12 c:/program files/cypress/psoc creator/4.1/psoc creator/import/gnu/arm/5.4.1/bin/../lib/gcc/arm-none-eabi/5.4.1/../../../../arm-none-eabi/lib/armv7-m\libg_nano.a(lib_a-mprec.o)
                0x00003fac                __i2b
 .text.__multiply
                0x00003fbe      0x120 c:/program files/cypress/psoc creator/4.1/psoc creator/import/gnu/arm/5.4.1/bin/../lib/gcc/arm-none-eabi/5.4.1/../../../../arm-none-eabi/lib/armv7-m\libg_nano.a(lib_a-mprec.o)
                0x00003fbe                __multiply
 *fill*         0x000040de        0x2 
 .text.__pow5mult
                0x000040e0       0x9c c:/program files/cypress/psoc creator/4.1/psoc creator/import/gnu/arm/5.4.1/bin/../lib/gcc/arm-none-eabi/5.4.1/../../../../arm-none-eabi/lib/armv7-m\libg_nano.a(lib_a-mprec.o)
                0x000040e0                __pow5mult
 .text.__lshift
                0x0000417c       0xa2 c:/program files/cypress/psoc creator/4.1/psoc creator/import/gnu/arm/5.4.1/bin/../lib/gcc/arm-none-eabi/5.4.1/../../../../arm-none-eabi/lib/armv7-m\libg_nano.a(lib_a-mprec.o)
                0x0000417c                __lshift
 .text.__mcmp   0x0000421e       0x38 c:/program files/cypress/psoc creator/4.1/psoc creator/import/gnu/arm/5.4.1/bin/../lib/gcc/arm-none-eabi/5.4.1/../../../../arm-none-eabi/lib/armv7-m\libg_nano.a(lib_a-mprec.o)
                0x0000421e                __mcmp
 .text.__mdiff  0x00004256       0xbe c:/program files/cypress/psoc creator/4.1/psoc creator/import/gnu/arm/5.4.1/bin/../lib/gcc/arm-none-eabi/5.4.1/../../../../arm-none-eabi/lib/armv7-m\libg_nano.a(lib_a-mprec.o)
                0x00004256                __mdiff
 .text.__ulp    0x00004314       0x48 c:/program files/cypress/psoc creator/4.1/psoc creator/import/gnu/arm/5.4.1/bin/../lib/gcc/arm-none-eabi/5.4.1/../../../../arm-none-eabi/lib/armv7-m\libg_nano.a(lib_a-mprec.o)
                0x00004314                __ulp
 .text.__b2d    0x0000435c       0x9a c:/program files/cypress/psoc creator/4.1/psoc creator/import/gnu/arm/5.4.1/bin/../lib/gcc/arm-none-eabi/5.4.1/../../../../arm-none-eabi/lib/armv7-m\libg_nano.a(lib_a-mprec.o)
                0x0000435c                __b2d
 .text.__d2b    0x000043f6       0x9c c:/program files/cypress/psoc creator/4.1/psoc creator/import/gnu/arm/5.4.1/bin/../lib/gcc/arm-none-eabi/5.4.1/../../../../arm-none-eabi/lib/armv7-m\libg_nano.a(lib_a-mprec.o)
                0x000043f6                __d2b
 .text.__ratio  0x00004492       0x50 c:/program files/cypress/psoc creator/4.1/psoc creator/import/gnu/arm/5.4.1/bin/../lib/gcc/arm-none-eabi/5.4.1/../../../../arm-none-eabi/lib/armv7-m\libg_nano.a(lib_a-mprec.o)
                0x00004492                __ratio
 .text.__copybits
                0x000044e2       0x34 c:/program files/cypress/psoc creator/4.1/psoc creator/import/gnu/arm/5.4.1/bin/../lib/gcc/arm-none-eabi/5.4.1/../../../../arm-none-eabi/lib/armv7-m\libg_nano.a(lib_a-mprec.o)
                0x000044e2                __copybits
 .text.__any_on
                0x00004516       0x44 c:/program files/cypress/psoc creator/4.1/psoc creator/import/gnu/arm/5.4.1/bin/../lib/gcc/arm-none-eabi/5.4.1/../../../../arm-none-eabi/lib/armv7-m\libg_nano.a(lib_a-mprec.o)
                0x00004516                __any_on
 .text._calloc_r
                0x0000455a       0x1c c:/program files/cypress/psoc creator/4.1/psoc creator/import/gnu/arm/5.4.1/bin/../lib/gcc/arm-none-eabi/5.4.1/../../../../arm-none-eabi/lib/armv7-m\libg_nano.a(lib_a-nano-callocr.o)
                0x0000455a                _calloc_r
 *fill*         0x00004576        0x2 
 .text._free_r  0x00004578       0x98 c:/program files/cypress/psoc creator/4.1/psoc creator/import/gnu/arm/5.4.1/bin/../lib/gcc/arm-none-eabi/5.4.1/../../../../arm-none-eabi/lib/armv7-m\libg_nano.a(lib_a-nano-freer.o)
                0x00004578                _free_r
 .text._malloc_r
                0x00004610       0xbc c:/program files/cypress/psoc creator/4.1/psoc creator/import/gnu/arm/5.4.1/bin/../lib/gcc/arm-none-eabi/5.4.1/../../../../arm-none-eabi/lib/armv7-m\libg_nano.a(lib_a-nano-mallocr.o)
                0x00004610                _malloc_r
 .text.__ssputs_r
                0x000046cc       0xb2 c:/program files/cypress/psoc creator/4.1/psoc creator/import/gnu/arm/5.4.1/bin/../lib/gcc/arm-none-eabi/5.4.1/../../../../arm-none-eabi/lib/armv7-m\libg_nano.a(lib_a-nano-svfprintf.o)
                0x000046cc                __ssputs_r
 *fill*         0x0000477e        0x2 
 .text._svfprintf_r
                0x00004780      0x1e8 c:/program files/cypress/psoc creator/4.1/psoc creator/import/gnu/arm/5.4.1/bin/../lib/gcc/arm-none-eabi/5.4.1/../../../../arm-none-eabi/lib/armv7-m\libg_nano.a(lib_a-nano-svfprintf.o)
                0x00004780                _svfiprintf_r
                0x00004780                _svfprintf_r
 .text._sbrk_r  0x00004968       0x20 c:/program files/cypress/psoc creator/4.1/psoc creator/import/gnu/arm/5.4.1/bin/../lib/gcc/arm-none-eabi/5.4.1/../../../../arm-none-eabi/lib/armv7-m\libg_nano.a(lib_a-sbrkr.o)
                0x00004968                _sbrk_r
 .text.strncmp  0x00004988       0x2a c:/program files/cypress/psoc creator/4.1/psoc creator/import/gnu/arm/5.4.1/bin/../lib/gcc/arm-none-eabi/5.4.1/../../../../arm-none-eabi/lib/armv7-m\libg_nano.a(lib_a-strncmp.o)
                0x00004988                strncmp
 .text.memmove  0x000049b2       0x36 c:/program files/cypress/psoc creator/4.1/psoc creator/import/gnu/arm/5.4.1/bin/../lib/gcc/arm-none-eabi/5.4.1/../../../../arm-none-eabi/lib/armv7-m\libg_nano.a(lib_a-memmove.o)
                0x000049b2                memmove
 .text.__malloc_lock
                0x000049e8        0x2 c:/program files/cypress/psoc creator/4.1/psoc creator/import/gnu/arm/5.4.1/bin/../lib/gcc/arm-none-eabi/5.4.1/../../../../arm-none-eabi/lib/armv7-m\libg_nano.a(lib_a-mlock.o)
                0x000049e8                __malloc_lock
 .text.__malloc_unlock
                0x000049ea        0x2 c:/program files/cypress/psoc creator/4.1/psoc creator/import/gnu/arm/5.4.1/bin/../lib/gcc/arm-none-eabi/5.4.1/../../../../arm-none-eabi/lib/armv7-m\libg_nano.a(lib_a-mlock.o)
                0x000049ea                __malloc_unlock
 .text._realloc_r
                0x000049ec       0x4c c:/program files/cypress/psoc creator/4.1/psoc creator/import/gnu/arm/5.4.1/bin/../lib/gcc/arm-none-eabi/5.4.1/../../../../arm-none-eabi/lib/armv7-m\libg_nano.a(lib_a-nano-reallocr.o)
                0x000049ec                _realloc_r
 .text._malloc_usable_size_r
                0x00004a38       0x14 c:/program files/cypress/psoc creator/4.1/psoc creator/import/gnu/arm/5.4.1/bin/../lib/gcc/arm-none-eabi/5.4.1/../../../../arm-none-eabi/lib/armv7-m\libg_nano.a(lib_a-nano-msizer.o)
                0x00004a38                _malloc_usable_size_r
 .text          0x00004a4c      0x110 c:/program files/cypress/psoc creator/4.1/psoc creator/import/gnu/arm/5.4.1/bin/../lib/gcc/arm-none-eabi/5.4.1/armv7-m\libgcc.a(_arm_cmpdf2.o)
                0x00004a4c                __gtdf2
                0x00004a4c                __gedf2
                0x00004a54                __ltdf2
                0x00004a54                __ledf2
                0x00004a5c                __nedf2
                0x00004a5c                __eqdf2
                0x00004a5c                __cmpdf2
                0x00004ad8                __aeabi_cdrcmple
                0x00004ae8                __aeabi_cdcmpeq
                0x00004ae8                __aeabi_cdcmple
                0x00004af8                __aeabi_dcmpeq
                0x00004b0c                __aeabi_dcmplt
                0x00004b20                __aeabi_dcmple
                0x00004b34                __aeabi_dcmpge
                0x00004b48                __aeabi_dcmpgt
 .text          0x00004b5c       0x2c c:/program files/cypress/psoc creator/4.1/psoc creator/import/gnu/arm/5.4.1/bin/../lib/gcc/arm-none-eabi/5.4.1/armv7-m\libgcc.a(_arm_unorddf2.o)
                0x00004b5c                __unorddf2
                0x00004b5c                __aeabi_dcmpun
 .text          0x00004b88       0x50 c:/program files/cypress/psoc creator/4.1/psoc creator/import/gnu/arm/5.4.1/bin/../lib/gcc/arm-none-eabi/5.4.1/armv7-m\libgcc.a(_arm_fixdfsi.o)
                0x00004b88                __aeabi_d2iz
                0x00004b88                __fixdfsi
 *(.plt)
 *(.gnu.warning)
 *(.glue_7t)
 .glue_7t       0x00004bd8        0x0 linker stubs
 *(.glue_7)
 .glue_7        0x00004bd8        0x0 linker stubs
 *(.vfp11_veneer)
 .vfp11_veneer  0x00004bd8        0x0 linker stubs
 *(.bootloader)
 *(.ARM.extab* .gnu.linkonce.armextab.*)
 *(.gcc_except_table)

.v4_bx          0x00004bd8        0x0
 .v4_bx         0x00004bd8        0x0 linker stubs

.iplt           0x00004bd8        0x0
 .iplt          0x00004bd8        0x0 c:/program files/cypress/psoc creator/4.1/psoc creator/import/gnu/arm/5.4.1/bin/../lib/gcc/arm-none-eabi/5.4.1/armv7-m/crtbegin.o

.eh_frame_hdr
 *(.eh_frame_hdr)

.eh_frame       0x00004bd8        0x4
 *(.eh_frame)
 .eh_frame      0x00004bd8        0x0 c:/program files/cypress/psoc creator/4.1/psoc creator/import/gnu/arm/5.4.1/bin/../lib/gcc/arm-none-eabi/5.4.1/armv7-m/crtbegin.o
 .eh_frame      0x00004bd8        0x4 c:/program files/cypress/psoc creator/4.1/psoc creator/import/gnu/arm/5.4.1/bin/../lib/gcc/arm-none-eabi/5.4.1/armv7-m/crtend.o
                [!provide]                PROVIDE (__exidx_start, .)

.ARM.exidx
 *(.ARM.exidx* .gnu.linkonce.armexidx.*)
                0x00004bdc                __exidx_end = .

.rodata         0x00004be0      0x290
 *(.rodata .rodata.* .gnu.linkonce.r.*)
 .rodata.str1.4
                0x00004be0       0x74 .\CortexM3\ARM_GCC_541\Debug\SDI12.o
                                 0x7a (size before relaxing)
 .rodata        0x00004c54       0x36 .\CortexM3\ARM_GCC_541\Debug\cyfitter_cfg.o
 .rodata.str1.1
                0x00004c8a        0x2 c:/program files/cypress/psoc creator/4.1/psoc creator/import/gnu/arm/5.4.1/bin/../lib/gcc/arm-none-eabi/5.4.1/../../../../arm-none-eabi/lib/armv7-m\libg_nano.a(lib_a-impure.o)
 .rodata.str1.1
                0x00004c8c       0x12 c:/program files/cypress/psoc creator/4.1/psoc creator/import/gnu/arm/5.4.1/bin/../lib/gcc/arm-none-eabi/5.4.1/../../../../arm-none-eabi/lib/armv7-m\libg_nano.a(lib_a-nano-vfprintf_float.o)
 .rodata.str1.1
                0x00004c9e       0x22 c:/program files/cypress/psoc creator/4.1/psoc creator/import/gnu/arm/5.4.1/bin/../lib/gcc/arm-none-eabi/5.4.1/../../../../arm-none-eabi/lib/armv7-m\libg_nano.a(lib_a-nano-vfprintf_i.o)
 .rodata.fpinan.5401
                0x00004cc0       0x14 c:/program files/cypress/psoc creator/4.1/psoc creator/import/gnu/arm/5.4.1/bin/../lib/gcc/arm-none-eabi/5.4.1/../../../../arm-none-eabi/lib/armv7-m\libg_nano.a(lib_a-strtod.o)
 .rodata.str1.1
                0x00004cd4       0x22 c:/program files/cypress/psoc creator/4.1/psoc creator/import/gnu/arm/5.4.1/bin/../lib/gcc/arm-none-eabi/5.4.1/../../../../arm-none-eabi/lib/armv7-m\libg_nano.a(lib_a-strtod.o)
                                  0xc (size before relaxing)
 .rodata.fpi.5365
                0x00004cd4       0x14 c:/program files/cypress/psoc creator/4.1/psoc creator/import/gnu/arm/5.4.1/bin/../lib/gcc/arm-none-eabi/5.4.1/../../../../arm-none-eabi/lib/armv7-m\libg_nano.a(lib_a-strtod.o)
 .rodata.tinytens
                0x00004ce8       0x28 c:/program files/cypress/psoc creator/4.1/psoc creator/import/gnu/arm/5.4.1/bin/../lib/gcc/arm-none-eabi/5.4.1/../../../../arm-none-eabi/lib/armv7-m\libg_nano.a(lib_a-strtod.o)
 .rodata.str1.1
                0x00004d10        0xd c:/program files/cypress/psoc creator/4.1/psoc creator/import/gnu/arm/5.4.1/bin/../lib/gcc/arm-none-eabi/5.4.1/../../../../arm-none-eabi/lib/armv7-m\libg_nano.a(lib_a-dtoa.o)
                                  0xf (size before relaxing)
 .rodata.str1.1
                0x00004d1d        0x8 c:/program files/cypress/psoc creator/4.1/psoc creator/import/gnu/arm/5.4.1/bin/../lib/gcc/arm-none-eabi/5.4.1/../../../../arm-none-eabi/lib/armv7-m\libg_nano.a(lib_a-locale.o)
                                  0xb (size before relaxing)
 *fill*         0x00004d25        0x3 
 .rodata.__mprec_tens
                0x00004d28       0xc8 c:/program files/cypress/psoc creator/4.1/psoc creator/import/gnu/arm/5.4.1/bin/../lib/gcc/arm-none-eabi/5.4.1/../../../../arm-none-eabi/lib/armv7-m\libg_nano.a(lib_a-mprec.o)
                0x00004d28                __mprec_tens
 .rodata.p05.5408
                0x00004df0        0xc c:/program files/cypress/psoc creator/4.1/psoc creator/import/gnu/arm/5.4.1/bin/../lib/gcc/arm-none-eabi/5.4.1/../../../../arm-none-eabi/lib/armv7-m\libg_nano.a(lib_a-mprec.o)
 *fill*         0x00004dfc        0x4 
 .rodata.__mprec_bigtens
                0x00004e00       0x28 c:/program files/cypress/psoc creator/4.1/psoc creator/import/gnu/arm/5.4.1/bin/../lib/gcc/arm-none-eabi/5.4.1/../../../../arm-none-eabi/lib/armv7-m\libg_nano.a(lib_a-mprec.o)
                0x00004e00                __mprec_bigtens
 .rodata.str1.1
                0x00004e28       0x11 c:/program files/cypress/psoc creator/4.1/psoc creator/import/gnu/arm/5.4.1/bin/../lib/gcc/arm-none-eabi/5.4.1/../../../../arm-none-eabi/lib/armv7-m\libg_nano.a(lib_a-nano-svfprintf.o)
                0x00004e3c                . = ALIGN (0x4)
 *fill*         0x00004e39        0x3 
 *(.init)
 .init          0x00004e3c        0x4 c:/program files/cypress/psoc creator/4.1/psoc creator/import/gnu/arm/5.4.1/bin/../lib/gcc/arm-none-eabi/5.4.1/armv7-m/crti.o
                0x00004e3c                _init
 .init          0x00004e40        0x8 c:/program files/cypress/psoc creator/4.1/psoc creator/import/gnu/arm/5.4.1/bin/../lib/gcc/arm-none-eabi/5.4.1/armv7-m/crtn.o
                0x00004e48                . = ALIGN (0x4)
                0x00004e48                __preinit_array_start = .
 *(.preinit_array)
                0x00004e48                __preinit_array_end = .
                0x00004e48                . = ALIGN (0x4)
                0x00004e48                __init_array_start = .
 *(SORT(.init_array.*))
 *(.init_array)
 .init_array    0x00004e48        0x4 c:/program files/cypress/psoc creator/4.1/psoc creator/import/gnu/arm/5.4.1/bin/../lib/gcc/arm-none-eabi/5.4.1/armv7-m/crtbegin.o
 .init_array    0x00004e4c        0x4 .\CortexM3\ARM_GCC_541\Debug\Cm3Start.o
                0x00004e50                __init_array_end = .
                0x00004e50                . = ALIGN (0x4)
 *(.fini)
 .fini          0x00004e50        0x4 c:/program files/cypress/psoc creator/4.1/psoc creator/import/gnu/arm/5.4.1/bin/../lib/gcc/arm-none-eabi/5.4.1/armv7-m/crti.o
                0x00004e50                _fini
 .fini          0x00004e54        0x8 c:/program files/cypress/psoc creator/4.1/psoc creator/import/gnu/arm/5.4.1/bin/../lib/gcc/arm-none-eabi/5.4.1/armv7-m/crtn.o
                0x00004e5c                . = ALIGN (0x4)
                0x00004e5c                __fini_array_start = .
 *(.fini_array)
 .fini_array    0x00004e5c        0x4 c:/program files/cypress/psoc creator/4.1/psoc creator/import/gnu/arm/5.4.1/bin/../lib/gcc/arm-none-eabi/5.4.1/armv7-m/crtbegin.o
 *(SORT(.fini_array.*))
                0x00004e60                __fini_array_end = .
                0x00004e60                . = ALIGN (0x4)
 *crtbegin.o(.ctors)
 *(EXCLUDE_FILE(*crtend.o) .ctors)
 *(SORT(.ctors.*))
 *crtend.o(.ctors)
                0x00004e60                . = ALIGN (0x4)
 *crtbegin.o(.dtors)
 *(EXCLUDE_FILE(*crtend.o) .dtors)
 *(SORT(.dtors.*))
 *crtend.o(.dtors)
                0x00004e60                . = ALIGN (0x4)
                0x00004e60                __cy_regions = .
                0x00004e60        0x4 LONG 0x4e70 __cy_region_init_ram
                0x00004e64        0x4 LONG 0x1fff80c8 __cy_region_start_data
                0x00004e68        0x4 LONG 0x148 __cy_region_init_size_ram
                0x00004e6c        0x4 LONG 0x280 __cy_region_zero_size_ram
                0x00004e70                __cy_regions_end = .
                0x00004e70                . = ALIGN (0x8)
                0x00004e70                _etext = .

.cy_checksum_exclude
                0x00004e70        0x0
 *(.cy_checksum_exclude)

.ramvectors     0x1fff8000       0xc0
                0x1fff8000                __cy_region_start_ram = .
 *(.ramvectors)
 .ramvectors    0x1fff8000       0xc0 .\CortexM3\ARM_GCC_541\Debug\Cm3Start.o
                0x1fff8000                CyRamVectors

.noinit         0x1fff80c0        0x1
 *(.noinit)
 .noinit        0x1fff80c0        0x1 .\CortexM3\ARM_GCC_541\Debug\SDI-12.a(CyLib.o)
                0x1fff80c0                CyResetStatus

.data           0x1fff80c8      0x148 load address 0x00004e70
                0x1fff80c8                __cy_region_start_data = .
 *(.jcr)
 .jcr           0x1fff80c8        0x0 c:/program files/cypress/psoc creator/4.1/psoc creator/import/gnu/arm/5.4.1/bin/../lib/gcc/arm-none-eabi/5.4.1/armv7-m/crtbegin.o
 .jcr           0x1fff80c8        0x4 c:/program files/cypress/psoc creator/4.1/psoc creator/import/gnu/arm/5.4.1/bin/../lib/gcc/arm-none-eabi/5.4.1/armv7-m/crtend.o
 *(.got.plt)
 *(.got)
 *(.shdata)
 *(.data .data.* .gnu.linkonce.d.*)
 .data          0x1fff80cc       0x90 .\CortexM3\ARM_GCC_541\Debug\SDI12.o
                0x1fff80cc                solinst
                0x1fff8100                GS3
                0x1fff8134                GS3_values
                0x1fff8140                GS3_labels
                0x1fff814c                values
                0x1fff8154                labels
 .data          0x1fff815c        0x4 .\CortexM3\ARM_GCC_541\Debug\Cm3Start.o
 .data          0x1fff8160       0x10 .\CortexM3\ARM_GCC_541\Debug\SDI-12.a(CyLib.o)
                0x1fff8160                cydelay_32k_ms
                0x1fff8164                cydelay_freq_khz
                0x1fff8168                cydelay_freq_mhz
                0x1fff816c                cydelay_freq_hz
 .data.impure_data
                0x1fff8170       0x60 c:/program files/cypress/psoc creator/4.1/psoc creator/import/gnu/arm/5.4.1/bin/../lib/gcc/arm-none-eabi/5.4.1/../../../../arm-none-eabi/lib/armv7-m\libg_nano.a(lib_a-impure.o)
 .data._impure_ptr
                0x1fff81d0        0x4 c:/program files/cypress/psoc creator/4.1/psoc creator/import/gnu/arm/5.4.1/bin/../lib/gcc/arm-none-eabi/5.4.1/../../../../arm-none-eabi/lib/armv7-m\libg_nano.a(lib_a-impure.o)
                0x1fff81d0                _impure_ptr
 .data.lconv    0x1fff81d4       0x38 c:/program files/cypress/psoc creator/4.1/psoc creator/import/gnu/arm/5.4.1/bin/../lib/gcc/arm-none-eabi/5.4.1/../../../../arm-none-eabi/lib/armv7-m\libg_nano.a(lib_a-locale.o)
                0x1fff8210                . = ALIGN (0x8)
 *fill*         0x1fff820c        0x4 
 *(.ram)
                0x1fff8210                _edata = .

.igot.plt       0x1fff8210        0x0 load address 0x00004fb8
 .igot.plt      0x1fff8210        0x0 c:/program files/cypress/psoc creator/4.1/psoc creator/import/gnu/arm/5.4.1/bin/../lib/gcc/arm-none-eabi/5.4.1/armv7-m/crtbegin.o

.bss            0x1fff8210      0x280 load address 0x00004fb8
                0x1fff8210                PROVIDE (__bss_start__, .)
 *(.shbss)
 *(.bss .bss.* .gnu.linkonce.b.*)
 .bss           0x1fff8210       0x1c c:/program files/cypress/psoc creator/4.1/psoc creator/import/gnu/arm/5.4.1/bin/../lib/gcc/arm-none-eabi/5.4.1/armv7-m/crtbegin.o
 .bss           0x1fff822c      0x1e4 .\CortexM3\ARM_GCC_541\Debug\SDI12.o
                0x1fff8334                command
                0x1fff8398                value_str
                0x1fff83fc                i
                0x1fff8400                delay_str
                0x1fff840c                ms_delay
 .bss           0x1fff8410        0x2 .\CortexM3\ARM_GCC_541\Debug\SDI-12.a(SDI12_UART.o)
                0x1fff8410                SDI12_UART_initVar
 *fill*         0x1fff8412        0x2 
 .bss.__malloc_sbrk_start
                0x1fff8414        0x4 c:/program files/cypress/psoc creator/4.1/psoc creator/import/gnu/arm/5.4.1/bin/../lib/gcc/arm-none-eabi/5.4.1/../../../../arm-none-eabi/lib/armv7-m\libg_nano.a(lib_a-nano-mallocr.o)
                0x1fff8414                __malloc_sbrk_start
 .bss.__malloc_free_list
                0x1fff8418        0x4 c:/program files/cypress/psoc creator/4.1/psoc creator/import/gnu/arm/5.4.1/bin/../lib/gcc/arm-none-eabi/5.4.1/../../../../arm-none-eabi/lib/armv7-m\libg_nano.a(lib_a-nano-mallocr.o)
                0x1fff8418                __malloc_free_list
 *(COMMON)
 COMMON         0x1fff841c       0x70 .\CortexM3\ARM_GCC_541\Debug\SDI12.o
                0x1fff841c                sign
                0x1fff8420                ptr_end
                0x1fff8424                sensors
 COMMON         0x1fff848c        0x4 c:/program files/cypress/psoc creator/4.1/psoc creator/import/gnu/arm/5.4.1/bin/../lib/gcc/arm-none-eabi/5.4.1/../../../../arm-none-eabi/lib/armv7-m\libg_nano.a(lib_a-reent.o)
                0x1fff848c                errno
                0x1fff8490                . = ALIGN (0x8)
 *(.ram.b)
                0x1fff8490                _end = .
                0x1fff8490                __end = .
                0x1fff8490                PROVIDE (end, .)
                0x1fff8490                PROVIDE (__bss_end__, .)
                0x00004e70                __cy_region_init_ram = LOADADDR (.data)
                0x00000148                __cy_region_init_size_ram = (_edata - ADDR (.data))
                0x00000280                __cy_region_zero_size_ram = (_end - _edata)

.heap           0x1fff8490     0x1000 load address 0x00004fb8
                0x1fff8490                . = _end
                0x1fff9490                . = (. + 0x1000)
 *fill*         0x1fff8490     0x1000 
                0x1fff9490                __cy_heap_limit = .

.stack          0x20004000     0x4000
                0x20004000                __cy_stack_limit = .
                0x20008000                . = (. + 0x4000)
 *fill*         0x20004000     0x4000 
                0x00000001                ASSERT ((__cy_stack_limit >= __cy_heap_limit), region RAM overflowed with stack)
                0x00000000                cy_checksum_exclude_size = (CY_APPL_LOADABLE == 0x1)?SIZEOF (.cy_checksum_exclude):0x0
                0x00000001                ASSERT ((cy_checksum_exclude_size <= CY_CHECKSUM_EXCLUDE_SIZE), CY_BOOT: Section .cy_checksum_exclude size exceedes specified limit.)

.cyloadermeta
 *(.cyloadermeta)

.cyloadablemeta
 *(.cyloadablemeta)

.cyconfigecc    0x80000000      0x414
 *(.cyconfigecc)
 .cyconfigecc   0x80000000      0x414 .\CortexM3\ARM_GCC_541\Debug\cymetadata.o
                0x80000000                cy_meta_configecc

.cycustnvl      0x90000000        0x4
 *(.cycustnvl)
 .cycustnvl     0x90000000        0x4 .\CortexM3\ARM_GCC_541\Debug\cymetadata.o
                0x90000000                cy_meta_custnvl

.cywolatch      0x90100000        0x4
 *(.cywolatch)
 .cywolatch     0x90100000        0x4 .\CortexM3\ARM_GCC_541\Debug\cymetadata.o
                0x90100000                cy_meta_wonvl

.cyeeprom       0x90200000        0x0
 *(.cyeeprom)
                0x00000001                ASSERT ((. <= ((0x90200000 + ee_offset) + ee_size)), .cyeeprom data will not fit in EEPROM)

.cyflashprotect
                0x90400000      0x100
 *(.cyflashprotect)
 .cyflashprotect
                0x90400000      0x100 .\CortexM3\ARM_GCC_541\Debug\cymetadata.o
                0x90400000                cy_meta_flashprotect

.cymeta         0x90500000        0xc
 *(.cymeta)
 .cymeta        0x90500000        0xc .\CortexM3\ARM_GCC_541\Debug\cymetadata.o
                0x90500000                cy_metadata

.rel.dyn        0x00004fb8        0x0 load address 0x9050000c
 .rel.iplt      0x00004fb8        0x0 c:/program files/cypress/psoc creator/4.1/psoc creator/import/gnu/arm/5.4.1/bin/../lib/gcc/arm-none-eabi/5.4.1/armv7-m/crtbegin.o

.stab
 *(.stab)

.stabstr
 *(.stabstr)

.debug
 *(.debug)

.line
 *(.line)

.debug_srcinfo
 *(.debug_srcinfo)

.debug_sfnames
 *(.debug_sfnames)

.debug_aranges  0x00000000      0x8a0
 *(.debug_aranges)
 .debug_aranges
                0x00000000       0x20 .\CortexM3\ARM_GCC_541\Debug\main.o
 .debug_aranges
                0x00000020       0x68 .\CortexM3\ARM_GCC_541\Debug\strlib.o
 .debug_aranges
                0x00000088       0x78 .\CortexM3\ARM_GCC_541\Debug\SDI12.o
 .debug_aranges
                0x00000100       0x20 .\CortexM3\ARM_GCC_541\Debug\misc.o
 .debug_aranges
                0x00000120       0x58 .\CortexM3\ARM_GCC_541\Debug\cyfitter_cfg.o
 .debug_aranges
                0x00000178       0x18 .\CortexM3\ARM_GCC_541\Debug\cymetadata.o
 .debug_aranges
                0x00000190       0x48 .\CortexM3\ARM_GCC_541\Debug\Cm3Start.o
 .debug_aranges
                0x000001d8       0xf0 .\CortexM3\ARM_GCC_541\Debug\SDI-12.a(SDI12_UART.o)
 .debug_aranges
                0x000002c8       0x80 .\CortexM3\ARM_GCC_541\Debug\SDI-12.a(isr_SDI12.o)
 .debug_aranges
                0x00000348       0x38 .\CortexM3\ARM_GCC_541\Debug\SDI-12.a(SDI12_Power.o)
 .debug_aranges
                0x00000380       0x70 .\CortexM3\ARM_GCC_541\Debug\SDI-12.a(SDI12_UART_IntClock.o)
 .debug_aranges
                0x000003f0      0x2a0 .\CortexM3\ARM_GCC_541\Debug\SDI-12.a(CyLib.o)
 .debug_aranges
                0x00000690       0x98 .\CortexM3\ARM_GCC_541\Debug\SDI-12.a(cyPm.o)
 .debug_aranges
                0x00000728       0x28 .\CortexM3\ARM_GCC_541\Debug\SDI-12.a(SDI12_control_reg.o)
 .debug_aranges
                0x00000750       0x38 .\CortexM3\ARM_GCC_541\Debug\SDI-12.a(LED.o)
 .debug_aranges
                0x00000788       0x20 .\CortexM3\ARM_GCC_541\Debug\SDI-12.a(CyBootAsmGnu.o)
 .debug_aranges
                0x000007a8       0x80 .\CortexM3\ARM_GCC_541\Debug\SDI-12.a(CyFlash.o)
 .debug_aranges
                0x00000828       0x78 .\CortexM3\ARM_GCC_541\Debug\SDI-12.a(CySpc.o)

.debug_pubnames
 *(.debug_pubnames)

.debug_info     0x00000000     0x5b6c
 *(.debug_info .gnu.linkonce.wi.*)
 .debug_info    0x00000000      0x10a .\CortexM3\ARM_GCC_541\Debug\main.o
 .debug_info    0x0000010a      0xabf .\CortexM3\ARM_GCC_541\Debug\strlib.o
 .debug_info    0x00000bc9      0xd66 .\CortexM3\ARM_GCC_541\Debug\SDI12.o
 .debug_info    0x0000192f      0x158 .\CortexM3\ARM_GCC_541\Debug\misc.o
 .debug_info    0x00001a87      0x4c9 .\CortexM3\ARM_GCC_541\Debug\cyfitter_cfg.o
 .debug_info    0x00001f50      0x135 .\CortexM3\ARM_GCC_541\Debug\cymetadata.o
 .debug_info    0x00002085      0x3bb .\CortexM3\ARM_GCC_541\Debug\Cm3Start.o
 .debug_info    0x00002440      0x60c .\CortexM3\ARM_GCC_541\Debug\SDI-12.a(SDI12_UART.o)
 .debug_info    0x00002a4c      0x2d2 .\CortexM3\ARM_GCC_541\Debug\SDI-12.a(isr_SDI12.o)
 .debug_info    0x00002d1e      0x11f .\CortexM3\ARM_GCC_541\Debug\SDI-12.a(SDI12_Power.o)
 .debug_info    0x00002e3d      0x283 .\CortexM3\ARM_GCC_541\Debug\SDI-12.a(SDI12_UART_IntClock.o)
 .debug_info    0x000030c0     0x1374 .\CortexM3\ARM_GCC_541\Debug\SDI-12.a(CyLib.o)
 .debug_info    0x00004434      0xa2a .\CortexM3\ARM_GCC_541\Debug\SDI-12.a(cyPm.o)
 .debug_info    0x00004e5e       0xd6 .\CortexM3\ARM_GCC_541\Debug\SDI-12.a(SDI12_control_reg.o)
 .debug_info    0x00004f34      0x11f .\CortexM3\ARM_GCC_541\Debug\SDI-12.a(LED.o)
 .debug_info    0x00005053       0x78 .\CortexM3\ARM_GCC_541\Debug\SDI-12.a(CyBootAsmGnu.o)
 .debug_info    0x000050cb      0x5b8 .\CortexM3\ARM_GCC_541\Debug\SDI-12.a(CyFlash.o)
 .debug_info    0x00005683      0x4e9 .\CortexM3\ARM_GCC_541\Debug\SDI-12.a(CySpc.o)

.debug_abbrev   0x00000000     0x16cb
 *(.debug_abbrev)
 .debug_abbrev  0x00000000       0xa3 .\CortexM3\ARM_GCC_541\Debug\main.o
 .debug_abbrev  0x000000a3      0x1c4 .\CortexM3\ARM_GCC_541\Debug\strlib.o
 .debug_abbrev  0x00000267      0x24c .\CortexM3\ARM_GCC_541\Debug\SDI12.o
 .debug_abbrev  0x000004b3       0xcb .\CortexM3\ARM_GCC_541\Debug\misc.o
 .debug_abbrev  0x0000057e      0x1fe .\CortexM3\ARM_GCC_541\Debug\cyfitter_cfg.o
 .debug_abbrev  0x0000077c       0x66 .\CortexM3\ARM_GCC_541\Debug\cymetadata.o
 .debug_abbrev  0x000007e2      0x1e8 .\CortexM3\ARM_GCC_541\Debug\Cm3Start.o
 .debug_abbrev  0x000009ca      0x175 .\CortexM3\ARM_GCC_541\Debug\SDI-12.a(SDI12_UART.o)
 .debug_abbrev  0x00000b3f      0x173 .\CortexM3\ARM_GCC_541\Debug\SDI-12.a(isr_SDI12.o)
 .debug_abbrev  0x00000cb2       0x90 .\CortexM3\ARM_GCC_541\Debug\SDI-12.a(SDI12_Power.o)
 .debug_abbrev  0x00000d42      0x139 .\CortexM3\ARM_GCC_541\Debug\SDI-12.a(SDI12_UART_IntClock.o)
 .debug_abbrev  0x00000e7b      0x254 .\CortexM3\ARM_GCC_541\Debug\SDI-12.a(CyLib.o)
 .debug_abbrev  0x000010cf      0x1ab .\CortexM3\ARM_GCC_541\Debug\SDI-12.a(cyPm.o)
 .debug_abbrev  0x0000127a       0x81 .\CortexM3\ARM_GCC_541\Debug\SDI-12.a(SDI12_control_reg.o)
 .debug_abbrev  0x000012fb       0x90 .\CortexM3\ARM_GCC_541\Debug\SDI-12.a(LED.o)
 .debug_abbrev  0x0000138b       0x14 .\CortexM3\ARM_GCC_541\Debug\SDI-12.a(CyBootAsmGnu.o)
 .debug_abbrev  0x0000139f      0x198 .\CortexM3\ARM_GCC_541\Debug\SDI-12.a(CyFlash.o)
 .debug_abbrev  0x00001537      0x194 .\CortexM3\ARM_GCC_541\Debug\SDI-12.a(CySpc.o)

.debug_line     0x00000000     0x26db
 *(.debug_line)
 .debug_line    0x00000000      0x170 .\CortexM3\ARM_GCC_541\Debug\main.o
 .debug_line    0x00000170      0x346 .\CortexM3\ARM_GCC_541\Debug\strlib.o
 .debug_line    0x000004b6      0x441 .\CortexM3\ARM_GCC_541\Debug\SDI12.o
 .debug_line    0x000008f7      0x18d .\CortexM3\ARM_GCC_541\Debug\misc.o
 .debug_line    0x00000a84      0x1d1 .\CortexM3\ARM_GCC_541\Debug\cyfitter_cfg.o
 .debug_line    0x00000c55      0x135 .\CortexM3\ARM_GCC_541\Debug\cymetadata.o
 .debug_line    0x00000d8a      0x228 .\CortexM3\ARM_GCC_541\Debug\Cm3Start.o
 .debug_line    0x00000fb2      0x2c8 .\CortexM3\ARM_GCC_541\Debug\SDI-12.a(SDI12_UART.o)
 .debug_line    0x0000127a      0x136 .\CortexM3\ARM_GCC_541\Debug\SDI-12.a(isr_SDI12.o)
 .debug_line    0x000013b0       0x98 .\CortexM3\ARM_GCC_541\Debug\SDI-12.a(SDI12_Power.o)
 .debug_line    0x00001448      0x182 .\CortexM3\ARM_GCC_541\Debug\SDI-12.a(SDI12_UART_IntClock.o)
 .debug_line    0x000015ca      0x816 .\CortexM3\ARM_GCC_541\Debug\SDI-12.a(CyLib.o)
 .debug_line    0x00001de0      0x367 .\CortexM3\ARM_GCC_541\Debug\SDI-12.a(cyPm.o)
 .debug_line    0x00002147       0x79 .\CortexM3\ARM_GCC_541\Debug\SDI-12.a(SDI12_control_reg.o)
 .debug_line    0x000021c0       0x90 .\CortexM3\ARM_GCC_541\Debug\SDI-12.a(LED.o)
 .debug_line    0x00002250       0x66 .\CortexM3\ARM_GCC_541\Debug\SDI-12.a(CyBootAsmGnu.o)
 .debug_line    0x000022b6      0x1e9 .\CortexM3\ARM_GCC_541\Debug\SDI-12.a(CyFlash.o)
 .debug_line    0x0000249f      0x23c .\CortexM3\ARM_GCC_541\Debug\SDI-12.a(CySpc.o)

.debug_frame    0x00000000     0x2194
 *(.debug_frame)
 .debug_frame   0x00000000       0x2c .\CortexM3\ARM_GCC_541\Debug\main.o
 .debug_frame   0x0000002c      0x1d4 .\CortexM3\ARM_GCC_541\Debug\strlib.o
 .debug_frame   0x00000200      0x1a0 .\CortexM3\ARM_GCC_541\Debug\SDI12.o
 .debug_frame   0x000003a0       0x30 .\CortexM3\ARM_GCC_541\Debug\misc.o
 .debug_frame   0x000003d0       0xe4 .\CortexM3\ARM_GCC_541\Debug\cyfitter_cfg.o
 .debug_frame   0x000004b4       0xb8 .\CortexM3\ARM_GCC_541\Debug\Cm3Start.o
 .debug_frame   0x0000056c      0x250 .\CortexM3\ARM_GCC_541\Debug\SDI-12.a(SDI12_UART.o)
 .debug_frame   0x000007bc      0x104 .\CortexM3\ARM_GCC_541\Debug\SDI-12.a(isr_SDI12.o)
 .debug_frame   0x000008c0       0x50 .\CortexM3\ARM_GCC_541\Debug\SDI-12.a(SDI12_Power.o)
 .debug_frame   0x00000910       0xe0 .\CortexM3\ARM_GCC_541\Debug\SDI-12.a(SDI12_UART_IntClock.o)
 .debug_frame   0x000009f0      0x738 .\CortexM3\ARM_GCC_541\Debug\SDI-12.a(CyLib.o)
 .debug_frame   0x00001128      0x1f8 .\CortexM3\ARM_GCC_541\Debug\SDI-12.a(cyPm.o)
 .debug_frame   0x00001320       0x30 .\CortexM3\ARM_GCC_541\Debug\SDI-12.a(SDI12_control_reg.o)
 .debug_frame   0x00001350       0x50 .\CortexM3\ARM_GCC_541\Debug\SDI-12.a(LED.o)
 .debug_frame   0x000013a0      0x174 .\CortexM3\ARM_GCC_541\Debug\SDI-12.a(CyFlash.o)
 .debug_frame   0x00001514      0x160 .\CortexM3\ARM_GCC_541\Debug\SDI-12.a(CySpc.o)
 .debug_frame   0x00001674       0x20 c:/program files/cypress/psoc creator/4.1/psoc creator/import/gnu/arm/5.4.1/bin/../lib/gcc/arm-none-eabi/5.4.1/../../../../arm-none-eabi/lib/armv7-m\libg_nano.a(lib_a-errno.o)
 .debug_frame   0x00001694       0x28 c:/program files/cypress/psoc creator/4.1/psoc creator/import/gnu/arm/5.4.1/bin/../lib/gcc/arm-none-eabi/5.4.1/../../../../arm-none-eabi/lib/armv7-m\libg_nano.a(lib_a-exit.o)
 .debug_frame   0x000016bc       0x2c c:/program files/cypress/psoc creator/4.1/psoc creator/import/gnu/arm/5.4.1/bin/../lib/gcc/arm-none-eabi/5.4.1/../../../../arm-none-eabi/lib/armv7-m\libg_nano.a(lib_a-init.o)
 .debug_frame   0x000016e8       0x28 c:/program files/cypress/psoc creator/4.1/psoc creator/import/gnu/arm/5.4.1/bin/../lib/gcc/arm-none-eabi/5.4.1/../../../../arm-none-eabi/lib/armv7-m\libg_nano.a(lib_a-memcpy-stub.o)
 .debug_frame   0x00001710       0x20 c:/program files/cypress/psoc creator/4.1/psoc creator/import/gnu/arm/5.4.1/bin/../lib/gcc/arm-none-eabi/5.4.1/../../../../arm-none-eabi/lib/armv7-m\libg_nano.a(lib_a-memset.o)
 .debug_frame   0x00001730       0x8c c:/program files/cypress/psoc creator/4.1/psoc creator/import/gnu/arm/5.4.1/bin/../lib/gcc/arm-none-eabi/5.4.1/../../../../arm-none-eabi/lib/armv7-m\libg_nano.a(lib_a-nano-vfprintf_float.o)
 .debug_frame   0x000017bc       0x60 c:/program files/cypress/psoc creator/4.1/psoc creator/import/gnu/arm/5.4.1/bin/../lib/gcc/arm-none-eabi/5.4.1/../../../../arm-none-eabi/lib/armv7-m\libg_nano.a(lib_a-nano-vfprintf_i.o)
 .debug_frame   0x0000181c       0x70 c:/program files/cypress/psoc creator/4.1/psoc creator/import/gnu/arm/5.4.1/bin/../lib/gcc/arm-none-eabi/5.4.1/../../../../arm-none-eabi/lib/armv7-m\libg_nano.a(lib_a-sprintf.o)
 .debug_frame   0x0000188c       0x20 c:/program files/cypress/psoc creator/4.1/psoc creator/import/gnu/arm/5.4.1/bin/../lib/gcc/arm-none-eabi/5.4.1/../../../../arm-none-eabi/lib/armv7-m\libg_nano.a(lib_a-strchr.o)
 .debug_frame   0x000018ac       0x28 c:/program files/cypress/psoc creator/4.1/psoc creator/import/gnu/arm/5.4.1/bin/../lib/gcc/arm-none-eabi/5.4.1/../../../../arm-none-eabi/lib/armv7-m\libg_nano.a(lib_a-strncpy.o)
 .debug_frame   0x000018d4       0x30 c:/program files/cypress/psoc creator/4.1/psoc creator/import/gnu/arm/5.4.1/bin/../lib/gcc/arm-none-eabi/5.4.1/../../../../arm-none-eabi/lib/armv7-m\libg_nano.a(lib_a-strstr.o)
 .debug_frame   0x00001904       0x98 c:/program files/cypress/psoc creator/4.1/psoc creator/import/gnu/arm/5.4.1/bin/../lib/gcc/arm-none-eabi/5.4.1/../../../../arm-none-eabi/lib/armv7-m\libg_nano.a(lib_a-strtod.o)
 .debug_frame   0x0000199c       0x38 c:/program files/cypress/psoc creator/4.1/psoc creator/import/gnu/arm/5.4.1/bin/../lib/gcc/arm-none-eabi/5.4.1/../../../../arm-none-eabi/lib/armv7-m\libg_nano.a(lib_a-strtok.o)
 .debug_frame   0x000019d4       0x40 c:/program files/cypress/psoc creator/4.1/psoc creator/import/gnu/arm/5.4.1/bin/../lib/gcc/arm-none-eabi/5.4.1/../../../../arm-none-eabi/lib/armv7-m\libg_nano.a(lib_a-strtok_r.o)
 .debug_frame   0x00001a14       0x44 c:/program files/cypress/psoc creator/4.1/psoc creator/import/gnu/arm/5.4.1/bin/../lib/gcc/arm-none-eabi/5.4.1/../../../../arm-none-eabi/lib/armv7-m\libg_nano.a(lib_a-strtol.o)
 .debug_frame   0x00001a58       0x6c c:/program files/cypress/psoc creator/4.1/psoc creator/import/gnu/arm/5.4.1/bin/../lib/gcc/arm-none-eabi/5.4.1/../../../../arm-none-eabi/lib/armv7-m\libg_nano.a(lib_a-dtoa.o)
 .debug_frame   0x00001ac4       0x70 c:/program files/cypress/psoc creator/4.1/psoc creator/import/gnu/arm/5.4.1/bin/../lib/gcc/arm-none-eabi/5.4.1/../../../../arm-none-eabi/lib/armv7-m\libg_nano.a(lib_a-gdtoa-gethex.o)
 .debug_frame   0x00001b34       0x74 c:/program files/cypress/psoc creator/4.1/psoc creator/import/gnu/arm/5.4.1/bin/../lib/gcc/arm-none-eabi/5.4.1/../../../../arm-none-eabi/lib/armv7-m\libg_nano.a(lib_a-gdtoa-hexnan.o)
 .debug_frame   0x00001ba8       0x98 c:/program files/cypress/psoc creator/4.1/psoc creator/import/gnu/arm/5.4.1/bin/../lib/gcc/arm-none-eabi/5.4.1/../../../../arm-none-eabi/lib/armv7-m\libg_nano.a(lib_a-locale.o)
 .debug_frame   0x00001c40       0x30 c:/program files/cypress/psoc creator/4.1/psoc creator/import/gnu/arm/5.4.1/bin/../lib/gcc/arm-none-eabi/5.4.1/../../../../arm-none-eabi/lib/armv7-m\libg_nano.a(lib_a-malloc.o)
 .debug_frame   0x00001c70       0x28 c:/program files/cypress/psoc creator/4.1/psoc creator/import/gnu/arm/5.4.1/bin/../lib/gcc/arm-none-eabi/5.4.1/../../../../arm-none-eabi/lib/armv7-m\libg_nano.a(lib_a-memchr-stub.o)
 .debug_frame   0x00001c98      0x234 c:/program files/cypress/psoc creator/4.1/psoc creator/import/gnu/arm/5.4.1/bin/../lib/gcc/arm-none-eabi/5.4.1/../../../../arm-none-eabi/lib/armv7-m\libg_nano.a(lib_a-mprec.o)
 .debug_frame   0x00001ecc       0x2c c:/program files/cypress/psoc creator/4.1/psoc creator/import/gnu/arm/5.4.1/bin/../lib/gcc/arm-none-eabi/5.4.1/../../../../arm-none-eabi/lib/armv7-m\libg_nano.a(lib_a-nano-callocr.o)
 .debug_frame   0x00001ef8       0x38 c:/program files/cypress/psoc creator/4.1/psoc creator/import/gnu/arm/5.4.1/bin/../lib/gcc/arm-none-eabi/5.4.1/../../../../arm-none-eabi/lib/armv7-m\libg_nano.a(lib_a-nano-freer.o)
 .debug_frame   0x00001f30       0x2c c:/program files/cypress/psoc creator/4.1/psoc creator/import/gnu/arm/5.4.1/bin/../lib/gcc/arm-none-eabi/5.4.1/../../../../arm-none-eabi/lib/armv7-m\libg_nano.a(lib_a-nano-mallocr.o)
 .debug_frame   0x00001f5c       0x90 c:/program files/cypress/psoc creator/4.1/psoc creator/import/gnu/arm/5.4.1/bin/../lib/gcc/arm-none-eabi/5.4.1/../../../../arm-none-eabi/lib/armv7-m\libg_nano.a(lib_a-nano-svfprintf.o)
 .debug_frame   0x00001fec       0x2c c:/program files/cypress/psoc creator/4.1/psoc creator/import/gnu/arm/5.4.1/bin/../lib/gcc/arm-none-eabi/5.4.1/../../../../arm-none-eabi/lib/armv7-m\libg_nano.a(lib_a-sbrkr.o)
 .debug_frame   0x00002018       0x20 c:/program files/cypress/psoc creator/4.1/psoc creator/import/gnu/arm/5.4.1/bin/../lib/gcc/arm-none-eabi/5.4.1/../../../../arm-none-eabi/lib/armv7-m\libg_nano.a(lib_a-sf_nan.o)
 .debug_frame   0x00002038       0x20 c:/program files/cypress/psoc creator/4.1/psoc creator/import/gnu/arm/5.4.1/bin/../lib/gcc/arm-none-eabi/5.4.1/../../../../arm-none-eabi/lib/armv7-m\libg_nano.a(lib_a-strcmp.o)
 .debug_frame   0x00002058       0x2c c:/program files/cypress/psoc creator/4.1/psoc creator/import/gnu/arm/5.4.1/bin/../lib/gcc/arm-none-eabi/5.4.1/../../../../arm-none-eabi/lib/armv7-m\libg_nano.a(lib_a-strncmp.o)
 .debug_frame   0x00002084       0x28 c:/program files/cypress/psoc creator/4.1/psoc creator/import/gnu/arm/5.4.1/bin/../lib/gcc/arm-none-eabi/5.4.1/../../../../arm-none-eabi/lib/armv7-m\libg_nano.a(lib_a-memmove.o)
 .debug_frame   0x000020ac       0x30 c:/program files/cypress/psoc creator/4.1/psoc creator/import/gnu/arm/5.4.1/bin/../lib/gcc/arm-none-eabi/5.4.1/../../../../arm-none-eabi/lib/armv7-m\libg_nano.a(lib_a-mlock.o)
 .debug_frame   0x000020dc       0x3c c:/program files/cypress/psoc creator/4.1/psoc creator/import/gnu/arm/5.4.1/bin/../lib/gcc/arm-none-eabi/5.4.1/../../../../arm-none-eabi/lib/armv7-m\libg_nano.a(lib_a-nano-reallocr.o)
 .debug_frame   0x00002118       0x5c c:/program files/cypress/psoc creator/4.1/psoc creator/import/gnu/arm/5.4.1/bin/../lib/gcc/arm-none-eabi/5.4.1/../../../../arm-none-eabi/lib/armv7-m\libg_nano.a(lib_a-reent.o)
 .debug_frame   0x00002174       0x20 c:/program files/cypress/psoc creator/4.1/psoc creator/import/gnu/arm/5.4.1/bin/../lib/gcc/arm-none-eabi/5.4.1/../../../../arm-none-eabi/lib/armv7-m\libg_nano.a(lib_a-nano-msizer.o)

.debug_str      0x00000000     0x1d78
 *(.debug_str)
 .debug_str     0x00000000      0x158 .\CortexM3\ARM_GCC_541\Debug\main.o
                                0x1a0 (size before relaxing)
 .debug_str     0x00000158      0x1e3 .\CortexM3\ARM_GCC_541\Debug\strlib.o
                                0x377 (size before relaxing)
 .debug_str     0x0000033b      0x270 .\CortexM3\ARM_GCC_541\Debug\SDI12.o
                                0x4a6 (size before relaxing)
 .debug_str     0x000005ab       0x10 .\CortexM3\ARM_GCC_541\Debug\misc.o
                                0x1b4 (size before relaxing)
 .debug_str     0x000005bb      0x166 .\CortexM3\ARM_GCC_541\Debug\cyfitter_cfg.o
                                0x2f7 (size before relaxing)
 .debug_str     0x00000721       0x75 .\CortexM3\ARM_GCC_541\Debug\cymetadata.o
                                0x1cc (size before relaxing)
 .debug_str     0x00000796      0x144 .\CortexM3\ARM_GCC_541\Debug\Cm3Start.o
                                0x2f2 (size before relaxing)
 .debug_str     0x000008da      0x325 .\CortexM3\ARM_GCC_541\Debug\SDI-12.a(SDI12_UART.o)
                                0x517 (size before relaxing)
 .debug_str     0x00000bff      0x115 .\CortexM3\ARM_GCC_541\Debug\SDI-12.a(isr_SDI12.o)
                                0x2c6 (size before relaxing)
 .debug_str     0x00000d14       0x77 .\CortexM3\ARM_GCC_541\Debug\SDI-12.a(SDI12_Power.o)
                                0x1e8 (size before relaxing)
 .debug_str     0x00000d8b      0x1c5 .\CortexM3\ARM_GCC_541\Debug\SDI-12.a(SDI12_UART_IntClock.o)
                                0x366 (size before relaxing)
 .debug_str     0x00000f50      0x7f2 .\CortexM3\ARM_GCC_541\Debug\SDI-12.a(CyLib.o)
                                0xa2f (size before relaxing)
 .debug_str     0x00001742      0x365 .\CortexM3\ARM_GCC_541\Debug\SDI-12.a(cyPm.o)
                                0x71b (size before relaxing)
 .debug_str     0x00001aa7       0x42 .\CortexM3\ARM_GCC_541\Debug\SDI-12.a(SDI12_control_reg.o)
                                0x1bb (size before relaxing)
 .debug_str     0x00001ae9       0x47 .\CortexM3\ARM_GCC_541\Debug\SDI-12.a(LED.o)
                                0x1c0 (size before relaxing)
 .debug_str     0x00001b30      0x19c .\CortexM3\ARM_GCC_541\Debug\SDI-12.a(CyFlash.o)
                                0x389 (size before relaxing)
 .debug_str     0x00001ccc       0xac .\CortexM3\ARM_GCC_541\Debug\SDI-12.a(CySpc.o)
                                0x312 (size before relaxing)

.debug_loc      0x00000000     0x266b
 *(.debug_loc)
 .debug_loc     0x00000000      0x730 .\CortexM3\ARM_GCC_541\Debug\strlib.o
 .debug_loc     0x00000730      0x243 .\CortexM3\ARM_GCC_541\Debug\SDI12.o
 .debug_loc     0x00000973       0x4b .\CortexM3\ARM_GCC_541\Debug\misc.o
 .debug_loc     0x000009be      0x1d7 .\CortexM3\ARM_GCC_541\Debug\cyfitter_cfg.o
 .debug_loc     0x00000b95      0x144 .\CortexM3\ARM_GCC_541\Debug\Cm3Start.o
 .debug_loc     0x00000cd9      0x258 .\CortexM3\ARM_GCC_541\Debug\SDI-12.a(SDI12_UART.o)
 .debug_loc     0x00000f31       0x56 .\CortexM3\ARM_GCC_541\Debug\SDI-12.a(isr_SDI12.o)
 .debug_loc     0x00000f87       0x42 .\CortexM3\ARM_GCC_541\Debug\SDI-12.a(SDI12_Power.o)
 .debug_loc     0x00000fc9      0x12c .\CortexM3\ARM_GCC_541\Debug\SDI-12.a(SDI12_UART_IntClock.o)
 .debug_loc     0x000010f5      0xa11 .\CortexM3\ARM_GCC_541\Debug\SDI-12.a(CyLib.o)
 .debug_loc     0x00001b06      0x1e4 .\CortexM3\ARM_GCC_541\Debug\SDI-12.a(cyPm.o)
 .debug_loc     0x00001cea       0x42 .\CortexM3\ARM_GCC_541\Debug\SDI-12.a(LED.o)
 .debug_loc     0x00001d2c      0x2f2 .\CortexM3\ARM_GCC_541\Debug\SDI-12.a(CyFlash.o)
 .debug_loc     0x0000201e      0x64d .\CortexM3\ARM_GCC_541\Debug\SDI-12.a(CySpc.o)

.debug_macinfo
 *(.debug_macinfo)

.debug_ranges   0x00000000      0x768
 *(.debug_ranges)
 .debug_ranges  0x00000000       0x10 .\CortexM3\ARM_GCC_541\Debug\main.o
 .debug_ranges  0x00000010       0x58 .\CortexM3\ARM_GCC_541\Debug\strlib.o
 .debug_ranges  0x00000068       0x68 .\CortexM3\ARM_GCC_541\Debug\SDI12.o
 .debug_ranges  0x000000d0       0x10 .\CortexM3\ARM_GCC_541\Debug\misc.o
 .debug_ranges  0x000000e0       0x48 .\CortexM3\ARM_GCC_541\Debug\cyfitter_cfg.o
 .debug_ranges  0x00000128       0x38 .\CortexM3\ARM_GCC_541\Debug\Cm3Start.o
 .debug_ranges  0x00000160       0xe0 .\CortexM3\ARM_GCC_541\Debug\SDI-12.a(SDI12_UART.o)
 .debug_ranges  0x00000240       0x70 .\CortexM3\ARM_GCC_541\Debug\SDI-12.a(isr_SDI12.o)
 .debug_ranges  0x000002b0       0x28 .\CortexM3\ARM_GCC_541\Debug\SDI-12.a(SDI12_Power.o)
 .debug_ranges  0x000002d8       0x60 .\CortexM3\ARM_GCC_541\Debug\SDI-12.a(SDI12_UART_IntClock.o)
 .debug_ranges  0x00000338      0x290 .\CortexM3\ARM_GCC_541\Debug\SDI-12.a(CyLib.o)
 .debug_ranges  0x000005c8       0x88 .\CortexM3\ARM_GCC_541\Debug\SDI-12.a(cyPm.o)
 .debug_ranges  0x00000650       0x18 .\CortexM3\ARM_GCC_541\Debug\SDI-12.a(SDI12_control_reg.o)
 .debug_ranges  0x00000668       0x28 .\CortexM3\ARM_GCC_541\Debug\SDI-12.a(LED.o)
 .debug_ranges  0x00000690       0x70 .\CortexM3\ARM_GCC_541\Debug\SDI-12.a(CyFlash.o)
 .debug_ranges  0x00000700       0x68 .\CortexM3\ARM_GCC_541\Debug\SDI-12.a(CySpc.o)

.comment        0x00000000       0x6e
 .comment       0x00000000       0x6e .\CortexM3\ARM_GCC_541\Debug\main.o
                                 0x6f (size before relaxing)
 .comment       0x0000006e       0x6f .\CortexM3\ARM_GCC_541\Debug\strlib.o
 .comment       0x0000006e       0x6f .\CortexM3\ARM_GCC_541\Debug\SDI12.o
 .comment       0x0000006e       0x6f .\CortexM3\ARM_GCC_541\Debug\misc.o
 .comment       0x0000006e       0x6f .\CortexM3\ARM_GCC_541\Debug\cyfitter_cfg.o
 .comment       0x0000006e       0x6f .\CortexM3\ARM_GCC_541\Debug\cymetadata.o
 .comment       0x0000006e       0x6f .\CortexM3\ARM_GCC_541\Debug\Cm3Start.o
 .comment       0x0000006e       0x6f .\CortexM3\ARM_GCC_541\Debug\SDI-12.a(SDI12_UART.o)
 .comment       0x0000006e       0x6f .\CortexM3\ARM_GCC_541\Debug\SDI-12.a(isr_SDI12.o)
 .comment       0x0000006e       0x6f .\CortexM3\ARM_GCC_541\Debug\SDI-12.a(SDI12_Power.o)
 .comment       0x0000006e       0x6f .\CortexM3\ARM_GCC_541\Debug\SDI-12.a(SDI12_UART_IntClock.o)
 .comment       0x0000006e       0x6f .\CortexM3\ARM_GCC_541\Debug\SDI-12.a(CyLib.o)
 .comment       0x0000006e       0x6f .\CortexM3\ARM_GCC_541\Debug\SDI-12.a(cyPm.o)
 .comment       0x0000006e       0x6f .\CortexM3\ARM_GCC_541\Debug\SDI-12.a(SDI12_control_reg.o)
 .comment       0x0000006e       0x6f .\CortexM3\ARM_GCC_541\Debug\SDI-12.a(LED.o)
 .comment       0x0000006e       0x6f .\CortexM3\ARM_GCC_541\Debug\SDI-12.a(CyFlash.o)
 .comment       0x0000006e       0x6f .\CortexM3\ARM_GCC_541\Debug\SDI-12.a(CySpc.o)

.debug_weaknames
 *(.debug_weaknames)

.debug_funcnames
 *(.debug_funcnames)

.debug_typenames
 *(.debug_typenames)

.debug_varnames
 *(.debug_varnames)

.note.gnu.arm.ident
 *(.note.gnu.arm.ident)

.ARM.attributes
                0x00000000       0x29
 *(.ARM.attributes)
 .ARM.attributes
                0x00000000       0x1d c:/program files/cypress/psoc creator/4.1/psoc creator/import/gnu/arm/5.4.1/bin/../lib/gcc/arm-none-eabi/5.4.1/armv7-m/crti.o
 .ARM.attributes
                0x0000001d       0x2d c:/program files/cypress/psoc creator/4.1/psoc creator/import/gnu/arm/5.4.1/bin/../lib/gcc/arm-none-eabi/5.4.1/armv7-m/crtbegin.o
 .ARM.attributes
                0x0000004a       0x1b c:/program files/cypress/psoc creator/4.1/psoc creator/import/gnu/arm/5.4.1/bin/../lib/gcc/arm-none-eabi/5.4.1/../../../../arm-none-eabi/lib/armv7-m/crt0.o
 .ARM.attributes
                0x00000065       0x33 .\CortexM3\ARM_GCC_541\Debug\main.o
 .ARM.attributes
                0x00000098       0x33 .\CortexM3\ARM_GCC_541\Debug\strlib.o
 .ARM.attributes
                0x000000cb       0x33 .\CortexM3\ARM_GCC_541\Debug\SDI12.o
 .ARM.attributes
                0x000000fe       0x33 .\CortexM3\ARM_GCC_541\Debug\misc.o
 .ARM.attributes
                0x00000131       0x33 .\CortexM3\ARM_GCC_541\Debug\cyfitter_cfg.o
 .ARM.attributes
                0x00000164       0x33 .\CortexM3\ARM_GCC_541\Debug\cymetadata.o
 .ARM.attributes
                0x00000197       0x33 .\CortexM3\ARM_GCC_541\Debug\Cm3Start.o
 .ARM.attributes
                0x000001ca       0x33 .\CortexM3\ARM_GCC_541\Debug\SDI-12.a(SDI12_UART.o)
 .ARM.attributes
                0x000001fd       0x33 .\CortexM3\ARM_GCC_541\Debug\SDI-12.a(isr_SDI12.o)
 .ARM.attributes
                0x00000230       0x33 .\CortexM3\ARM_GCC_541\Debug\SDI-12.a(SDI12_Power.o)
 .ARM.attributes
                0x00000263       0x33 .\CortexM3\ARM_GCC_541\Debug\SDI-12.a(SDI12_UART_IntClock.o)
 .ARM.attributes
                0x00000296       0x33 .\CortexM3\ARM_GCC_541\Debug\SDI-12.a(CyLib.o)
 .ARM.attributes
                0x000002c9       0x33 .\CortexM3\ARM_GCC_541\Debug\SDI-12.a(cyPm.o)
 .ARM.attributes
                0x000002fc       0x33 .\CortexM3\ARM_GCC_541\Debug\SDI-12.a(SDI12_control_reg.o)
 .ARM.attributes
                0x0000032f       0x33 .\CortexM3\ARM_GCC_541\Debug\SDI-12.a(LED.o)
 .ARM.attributes
                0x00000362       0x21 .\CortexM3\ARM_GCC_541\Debug\SDI-12.a(CyBootAsmGnu.o)
 .ARM.attributes
                0x00000383       0x33 .\CortexM3\ARM_GCC_541\Debug\SDI-12.a(CyFlash.o)
 .ARM.attributes
                0x000003b6       0x33 .\CortexM3\ARM_GCC_541\Debug\SDI-12.a(CySpc.o)
 .ARM.attributes
                0x000003e9       0x1d c:/program files/cypress/psoc creator/4.1/psoc creator/import/gnu/arm/5.4.1/bin/../lib/gcc/arm-none-eabi/5.4.1/armv7-m\libgcc.a(_arm_addsubdf3.o)
 .ARM.attributes
                0x00000406       0x1d c:/program files/cypress/psoc creator/4.1/psoc creator/import/gnu/arm/5.4.1/bin/../lib/gcc/arm-none-eabi/5.4.1/armv7-m\libgcc.a(_arm_muldivdf3.o)
 .ARM.attributes
                0x00000423       0x1d c:/program files/cypress/psoc creator/4.1/psoc creator/import/gnu/arm/5.4.1/bin/../lib/gcc/arm-none-eabi/5.4.1/armv7-m\libgcc.a(_arm_fixunsdfsi.o)
 .ARM.attributes
                0x00000440       0x1d c:/program files/cypress/psoc creator/4.1/psoc creator/import/gnu/arm/5.4.1/bin/../lib/gcc/arm-none-eabi/5.4.1/armv7-m\libgcc.a(_arm_truncdfsf2.o)
 .ARM.attributes
                0x0000045d       0x2d c:/program files/cypress/psoc creator/4.1/psoc creator/import/gnu/arm/5.4.1/bin/../lib/gcc/arm-none-eabi/5.4.1/../../../../arm-none-eabi/lib/armv7-m\libg_nano.a(lib_a-errno.o)
 .ARM.attributes
                0x0000048a       0x2d c:/program files/cypress/psoc creator/4.1/psoc creator/import/gnu/arm/5.4.1/bin/../lib/gcc/arm-none-eabi/5.4.1/../../../../arm-none-eabi/lib/armv7-m\libg_nano.a(lib_a-exit.o)
 .ARM.attributes
                0x000004b7       0x2d c:/program files/cypress/psoc creator/4.1/psoc creator/import/gnu/arm/5.4.1/bin/../lib/gcc/arm-none-eabi/5.4.1/../../../../arm-none-eabi/lib/armv7-m\libg_nano.a(lib_a-impure.o)
 .ARM.attributes
                0x000004e4       0x2d c:/program files/cypress/psoc creator/4.1/psoc creator/import/gnu/arm/5.4.1/bin/../lib/gcc/arm-none-eabi/5.4.1/../../../../arm-none-eabi/lib/armv7-m\libg_nano.a(lib_a-init.o)
 .ARM.attributes
                0x00000511       0x2d c:/program files/cypress/psoc creator/4.1/psoc creator/import/gnu/arm/5.4.1/bin/../lib/gcc/arm-none-eabi/5.4.1/../../../../arm-none-eabi/lib/armv7-m\libg_nano.a(lib_a-memcpy-stub.o)
 .ARM.attributes
                0x0000053e       0x2d c:/program files/cypress/psoc creator/4.1/psoc creator/import/gnu/arm/5.4.1/bin/../lib/gcc/arm-none-eabi/5.4.1/../../../../arm-none-eabi/lib/armv7-m\libg_nano.a(lib_a-memset.o)
 .ARM.attributes
                0x0000056b       0x2d c:/program files/cypress/psoc creator/4.1/psoc creator/import/gnu/arm/5.4.1/bin/../lib/gcc/arm-none-eabi/5.4.1/../../../../arm-none-eabi/lib/armv7-m\libg_nano.a(lib_a-nano-vfprintf_float.o)
 .ARM.attributes
                0x00000598       0x2d c:/program files/cypress/psoc creator/4.1/psoc creator/import/gnu/arm/5.4.1/bin/../lib/gcc/arm-none-eabi/5.4.1/../../../../arm-none-eabi/lib/armv7-m\libg_nano.a(lib_a-nano-vfprintf_i.o)
 .ARM.attributes
                0x000005c5       0x2d c:/program files/cypress/psoc creator/4.1/psoc creator/import/gnu/arm/5.4.1/bin/../lib/gcc/arm-none-eabi/5.4.1/../../../../arm-none-eabi/lib/armv7-m\libg_nano.a(lib_a-sprintf.o)
 .ARM.attributes
                0x000005f2       0x2d c:/program files/cypress/psoc creator/4.1/psoc creator/import/gnu/arm/5.4.1/bin/../lib/gcc/arm-none-eabi/5.4.1/../../../../arm-none-eabi/lib/armv7-m\libg_nano.a(lib_a-strchr.o)
 .ARM.attributes
                0x0000061f       0x17 c:/program files/cypress/psoc creator/4.1/psoc creator/import/gnu/arm/5.4.1/bin/../lib/gcc/arm-none-eabi/5.4.1/../../../../arm-none-eabi/lib/armv7-m\libg_nano.a(lib_a-strlen.o)
 .ARM.attributes
                0x00000636       0x2d c:/program files/cypress/psoc creator/4.1/psoc creator/import/gnu/arm/5.4.1/bin/../lib/gcc/arm-none-eabi/5.4.1/../../../../arm-none-eabi/lib/armv7-m\libg_nano.a(lib_a-strncpy.o)
 .ARM.attributes
                0x00000663       0x2d c:/program files/cypress/psoc creator/4.1/psoc creator/import/gnu/arm/5.4.1/bin/../lib/gcc/arm-none-eabi/5.4.1/../../../../arm-none-eabi/lib/armv7-m\libg_nano.a(lib_a-strstr.o)
 .ARM.attributes
                0x00000690       0x2d c:/program files/cypress/psoc creator/4.1/psoc creator/import/gnu/arm/5.4.1/bin/../lib/gcc/arm-none-eabi/5.4.1/../../../../arm-none-eabi/lib/armv7-m\libg_nano.a(lib_a-strtod.o)
 .ARM.attributes
                0x000006bd       0x2d c:/program files/cypress/psoc creator/4.1/psoc creator/import/gnu/arm/5.4.1/bin/../lib/gcc/arm-none-eabi/5.4.1/../../../../arm-none-eabi/lib/armv7-m\libg_nano.a(lib_a-strtok.o)
 .ARM.attributes
                0x000006ea       0x2d c:/program files/cypress/psoc creator/4.1/psoc creator/import/gnu/arm/5.4.1/bin/../lib/gcc/arm-none-eabi/5.4.1/../../../../arm-none-eabi/lib/armv7-m\libg_nano.a(lib_a-strtok_r.o)
 .ARM.attributes
                0x00000717       0x2d c:/program files/cypress/psoc creator/4.1/psoc creator/import/gnu/arm/5.4.1/bin/../lib/gcc/arm-none-eabi/5.4.1/../../../../arm-none-eabi/lib/armv7-m\libg_nano.a(lib_a-strtol.o)
 .ARM.attributes
                0x00000744       0x2d c:/program files/cypress/psoc creator/4.1/psoc creator/import/gnu/arm/5.4.1/bin/../lib/gcc/arm-none-eabi/5.4.1/../../../../arm-none-eabi/lib/armv7-m\libg_nano.a(lib_a-ctype_.o)
 .ARM.attributes
                0x00000771       0x2d c:/program files/cypress/psoc creator/4.1/psoc creator/import/gnu/arm/5.4.1/bin/../lib/gcc/arm-none-eabi/5.4.1/../../../../arm-none-eabi/lib/armv7-m\libg_nano.a(lib_a-dtoa.o)
 .ARM.attributes
                0x0000079e       0x2d c:/program files/cypress/psoc creator/4.1/psoc creator/import/gnu/arm/5.4.1/bin/../lib/gcc/arm-none-eabi/5.4.1/../../../../arm-none-eabi/lib/armv7-m\libg_nano.a(lib_a-gdtoa-gethex.o)
 .ARM.attributes
                0x000007cb       0x2d c:/program files/cypress/psoc creator/4.1/psoc creator/import/gnu/arm/5.4.1/bin/../lib/gcc/arm-none-eabi/5.4.1/../../../../arm-none-eabi/lib/armv7-m\libg_nano.a(lib_a-gdtoa-hexnan.o)
 .ARM.attributes
                0x000007f8       0x2d c:/program files/cypress/psoc creator/4.1/psoc creator/import/gnu/arm/5.4.1/bin/../lib/gcc/arm-none-eabi/5.4.1/../../../../arm-none-eabi/lib/armv7-m\libg_nano.a(lib_a-locale.o)
 .ARM.attributes
                0x00000825       0x2d c:/program files/cypress/psoc creator/4.1/psoc creator/import/gnu/arm/5.4.1/bin/../lib/gcc/arm-none-eabi/5.4.1/../../../../arm-none-eabi/lib/armv7-m\libg_nano.a(lib_a-malloc.o)
 .ARM.attributes
                0x00000852       0x2d c:/program files/cypress/psoc creator/4.1/psoc creator/import/gnu/arm/5.4.1/bin/../lib/gcc/arm-none-eabi/5.4.1/../../../../arm-none-eabi/lib/armv7-m\libg_nano.a(lib_a-memchr-stub.o)
 .ARM.attributes
                0x0000087f       0x2d c:/program files/cypress/psoc creator/4.1/psoc creator/import/gnu/arm/5.4.1/bin/../lib/gcc/arm-none-eabi/5.4.1/../../../../arm-none-eabi/lib/armv7-m\libg_nano.a(lib_a-mprec.o)
 .ARM.attributes
                0x000008ac       0x2d c:/program files/cypress/psoc creator/4.1/psoc creator/import/gnu/arm/5.4.1/bin/../lib/gcc/arm-none-eabi/5.4.1/../../../../arm-none-eabi/lib/armv7-m\libg_nano.a(lib_a-nano-callocr.o)
 .ARM.attributes
                0x000008d9       0x2d c:/program files/cypress/psoc creator/4.1/psoc creator/import/gnu/arm/5.4.1/bin/../lib/gcc/arm-none-eabi/5.4.1/../../../../arm-none-eabi/lib/armv7-m\libg_nano.a(lib_a-nano-freer.o)
 .ARM.attributes
                0x00000906       0x2d c:/program files/cypress/psoc creator/4.1/psoc creator/import/gnu/arm/5.4.1/bin/../lib/gcc/arm-none-eabi/5.4.1/../../../../arm-none-eabi/lib/armv7-m\libg_nano.a(lib_a-nano-mallocr.o)
 .ARM.attributes
                0x00000933       0x2d c:/program files/cypress/psoc creator/4.1/psoc creator/import/gnu/arm/5.4.1/bin/../lib/gcc/arm-none-eabi/5.4.1/../../../../arm-none-eabi/lib/armv7-m\libg_nano.a(lib_a-nano-svfprintf.o)
 .ARM.attributes
                0x00000960       0x2d c:/program files/cypress/psoc creator/4.1/psoc creator/import/gnu/arm/5.4.1/bin/../lib/gcc/arm-none-eabi/5.4.1/../../../../arm-none-eabi/lib/armv7-m\libg_nano.a(lib_a-sbrkr.o)
 .ARM.attributes
                0x0000098d       0x2d c:/program files/cypress/psoc creator/4.1/psoc creator/import/gnu/arm/5.4.1/bin/../lib/gcc/arm-none-eabi/5.4.1/../../../../arm-none-eabi/lib/armv7-m\libg_nano.a(lib_a-sf_nan.o)
 .ARM.attributes
                0x000009ba       0x1b c:/program files/cypress/psoc creator/4.1/psoc creator/import/gnu/arm/5.4.1/bin/../lib/gcc/arm-none-eabi/5.4.1/../../../../arm-none-eabi/lib/armv7-m\libg_nano.a(lib_a-strcmp.o)
 .ARM.attributes
                0x000009d5       0x2d c:/program files/cypress/psoc creator/4.1/psoc creator/import/gnu/arm/5.4.1/bin/../lib/gcc/arm-none-eabi/5.4.1/../../../../arm-none-eabi/lib/armv7-m\libg_nano.a(lib_a-strncmp.o)
 .ARM.attributes
                0x00000a02       0x2d c:/program files/cypress/psoc creator/4.1/psoc creator/import/gnu/arm/5.4.1/bin/../lib/gcc/arm-none-eabi/5.4.1/../../../../arm-none-eabi/lib/armv7-m\libg_nano.a(lib_a-memmove.o)
 .ARM.attributes
                0x00000a2f       0x2d c:/program files/cypress/psoc creator/4.1/psoc creator/import/gnu/arm/5.4.1/bin/../lib/gcc/arm-none-eabi/5.4.1/../../../../arm-none-eabi/lib/armv7-m\libg_nano.a(lib_a-mlock.o)
 .ARM.attributes
                0x00000a5c       0x2d c:/program files/cypress/psoc creator/4.1/psoc creator/import/gnu/arm/5.4.1/bin/../lib/gcc/arm-none-eabi/5.4.1/../../../../arm-none-eabi/lib/armv7-m\libg_nano.a(lib_a-nano-reallocr.o)
 .ARM.attributes
                0x00000a89       0x2d c:/program files/cypress/psoc creator/4.1/psoc creator/import/gnu/arm/5.4.1/bin/../lib/gcc/arm-none-eabi/5.4.1/../../../../arm-none-eabi/lib/armv7-m\libg_nano.a(lib_a-reent.o)
 .ARM.attributes
                0x00000ab6       0x2d c:/program files/cypress/psoc creator/4.1/psoc creator/import/gnu/arm/5.4.1/bin/../lib/gcc/arm-none-eabi/5.4.1/../../../../arm-none-eabi/lib/armv7-m\libg_nano.a(lib_a-nano-msizer.o)
 .ARM.attributes
                0x00000ae3       0x1d c:/program files/cypress/psoc creator/4.1/psoc creator/import/gnu/arm/5.4.1/bin/../lib/gcc/arm-none-eabi/5.4.1/armv7-m\libgcc.a(_arm_cmpdf2.o)
 .ARM.attributes
                0x00000b00       0x1d c:/program files/cypress/psoc creator/4.1/psoc creator/import/gnu/arm/5.4.1/bin/../lib/gcc/arm-none-eabi/5.4.1/armv7-m\libgcc.a(_arm_unorddf2.o)
 .ARM.attributes
                0x00000b1d       0x1d c:/program files/cypress/psoc creator/4.1/psoc creator/import/gnu/arm/5.4.1/bin/../lib/gcc/arm-none-eabi/5.4.1/armv7-m\libgcc.a(_arm_fixdfsi.o)
 .ARM.attributes
                0x00000b3a       0x2d c:/program files/cypress/psoc creator/4.1/psoc creator/import/gnu/arm/5.4.1/bin/../lib/gcc/arm-none-eabi/5.4.1/armv7-m/crtend.o
 .ARM.attributes
                0x00000b67       0x1d c:/program files/cypress/psoc creator/4.1/psoc creator/import/gnu/arm/5.4.1/bin/../lib/gcc/arm-none-eabi/5.4.1/armv7-m/crtn.o

/DISCARD/
 *(.note.GNU-stack)
OUTPUT(C:\Users\mame\Documents\psoc\SDI-12.cydsn\CortexM3\ARM_GCC_541\Debug\SDI-12.elf elf32-littlearm)
